<?xml version="1.0" encoding="ISO-8859-1" ?>
<link_info>
   <banner>TI ARM Linker PC v20.2.4.LTS</banner>
   <copyright>Copyright (c) 1996-2018 Texas Instruments Incorporated</copyright>
   <link_time>0x608c8980</link_time>
   <link_errors>0x1</link_errors>
   <output_file>phone_book_in_c.out</output_file>
   <entry_point>
      <name>_c_int00</name>
      <address>0x7f90</address>
   </entry_point>
   <input_file_list>
      <input_file id="fl-2">
         <path>.\</path>
         <kind>object</kind>
         <file>functions.obj</file>
         <name>functions.obj</name>
      </input_file>
      <input_file id="fl-3">
         <path>.\</path>
         <kind>object</kind>
         <file>main.obj</file>
         <name>main.obj</name>
      </input_file>
      <input_file id="fl-6">
         <kind>object</kind>
         <file>&lt;internal&gt;</file>
         <name>&lt;internal&gt;</name>
      </input_file>
      <input_file id="fl-bc">
         <path>C:\ti\ccs1030\ccs\tools\compiler\ti-cgt-arm_20.2.4.LTS\lib\</path>
         <kind>archive</kind>
         <file>rtsv4_A_be_eabi.lib</file>
         <name>printf.c.obj</name>
      </input_file>
      <input_file id="fl-bd">
         <path>C:\ti\ccs1030\ccs\tools\compiler\ti-cgt-arm_20.2.4.LTS\lib\</path>
         <kind>archive</kind>
         <file>rtsv4_A_be_eabi.lib</file>
         <name>fprintf.c.obj</name>
      </input_file>
      <input_file id="fl-be">
         <path>C:\ti\ccs1030\ccs\tools\compiler\ti-cgt-arm_20.2.4.LTS\lib\</path>
         <kind>archive</kind>
         <file>rtsv4_A_be_eabi.lib</file>
         <name>_printfi.c.obj</name>
      </input_file>
      <input_file id="fl-bf">
         <path>C:\ti\ccs1030\ccs\tools\compiler\ti-cgt-arm_20.2.4.LTS\lib\</path>
         <kind>archive</kind>
         <file>rtsv4_A_be_eabi.lib</file>
         <name>fscanf.c.obj</name>
      </input_file>
      <input_file id="fl-c0">
         <path>C:\ti\ccs1030\ccs\tools\compiler\ti-cgt-arm_20.2.4.LTS\lib\</path>
         <kind>archive</kind>
         <file>rtsv4_A_be_eabi.lib</file>
         <name>fclose.c.obj</name>
      </input_file>
      <input_file id="fl-c1">
         <path>C:\ti\ccs1030\ccs\tools\compiler\ti-cgt-arm_20.2.4.LTS\lib\</path>
         <kind>archive</kind>
         <file>rtsv4_A_be_eabi.lib</file>
         <name>fflush.c.obj</name>
      </input_file>
      <input_file id="fl-c2">
         <path>C:\ti\ccs1030\ccs\tools\compiler\ti-cgt-arm_20.2.4.LTS\lib\</path>
         <kind>archive</kind>
         <file>rtsv4_A_be_eabi.lib</file>
         <name>fgetc.c.obj</name>
      </input_file>
      <input_file id="fl-c3">
         <path>C:\ti\ccs1030\ccs\tools\compiler\ti-cgt-arm_20.2.4.LTS\lib\</path>
         <kind>archive</kind>
         <file>rtsv4_A_be_eabi.lib</file>
         <name>fopen.c.obj</name>
      </input_file>
      <input_file id="fl-c4">
         <path>C:\ti\ccs1030\ccs\tools\compiler\ti-cgt-arm_20.2.4.LTS\lib\</path>
         <kind>archive</kind>
         <file>rtsv4_A_be_eabi.lib</file>
         <name>fputc.c.obj</name>
      </input_file>
      <input_file id="fl-c5">
         <path>C:\ti\ccs1030\ccs\tools\compiler\ti-cgt-arm_20.2.4.LTS\lib\</path>
         <kind>archive</kind>
         <file>rtsv4_A_be_eabi.lib</file>
         <name>fputs.c.obj</name>
      </input_file>
      <input_file id="fl-c6">
         <path>C:\ti\ccs1030\ccs\tools\compiler\ti-cgt-arm_20.2.4.LTS\lib\</path>
         <kind>archive</kind>
         <file>rtsv4_A_be_eabi.lib</file>
         <name>fread.c.obj</name>
      </input_file>
      <input_file id="fl-c7">
         <path>C:\ti\ccs1030\ccs\tools\compiler\ti-cgt-arm_20.2.4.LTS\lib\</path>
         <kind>archive</kind>
         <file>rtsv4_A_be_eabi.lib</file>
         <name>fseek.c.obj</name>
      </input_file>
      <input_file id="fl-c8">
         <path>C:\ti\ccs1030\ccs\tools\compiler\ti-cgt-arm_20.2.4.LTS\lib\</path>
         <kind>archive</kind>
         <file>rtsv4_A_be_eabi.lib</file>
         <name>fwrite.c.obj</name>
      </input_file>
      <input_file id="fl-c9">
         <path>C:\ti\ccs1030\ccs\tools\compiler\ti-cgt-arm_20.2.4.LTS\lib\</path>
         <kind>archive</kind>
         <file>rtsv4_A_be_eabi.lib</file>
         <name>_bufread.c.obj</name>
      </input_file>
      <input_file id="fl-ca">
         <path>C:\ti\ccs1030\ccs\tools\compiler\ti-cgt-arm_20.2.4.LTS\lib\</path>
         <kind>archive</kind>
         <file>rtsv4_A_be_eabi.lib</file>
         <name>_io_perm.c.obj</name>
      </input_file>
      <input_file id="fl-cb">
         <path>C:\ti\ccs1030\ccs\tools\compiler\ti-cgt-arm_20.2.4.LTS\lib\</path>
         <kind>archive</kind>
         <file>rtsv4_A_be_eabi.lib</file>
         <name>setvbuf.c.obj</name>
      </input_file>
      <input_file id="fl-cc">
         <path>C:\ti\ccs1030\ccs\tools\compiler\ti-cgt-arm_20.2.4.LTS\lib\</path>
         <kind>archive</kind>
         <file>rtsv4_A_be_eabi.lib</file>
         <name>ungetc.c.obj</name>
      </input_file>
      <input_file id="fl-cd">
         <path>C:\ti\ccs1030\ccs\tools\compiler\ti-cgt-arm_20.2.4.LTS\lib\</path>
         <kind>archive</kind>
         <file>rtsv4_A_be_eabi.lib</file>
         <name>wcslen.c.obj</name>
      </input_file>
      <input_file id="fl-ce">
         <path>C:\ti\ccs1030\ccs\tools\compiler\ti-cgt-arm_20.2.4.LTS\lib\</path>
         <kind>archive</kind>
         <file>rtsv4_A_be_eabi.lib</file>
         <name>s_frexp.c.obj</name>
      </input_file>
      <input_file id="fl-cf">
         <path>C:\ti\ccs1030\ccs\tools\compiler\ti-cgt-arm_20.2.4.LTS\lib\</path>
         <kind>archive</kind>
         <file>rtsv4_A_be_eabi.lib</file>
         <name>s_scalbn.c.obj</name>
      </input_file>
      <input_file id="fl-d0">
         <path>C:\ti\ccs1030\ccs\tools\compiler\ti-cgt-arm_20.2.4.LTS\lib\</path>
         <kind>archive</kind>
         <file>rtsv4_A_be_eabi.lib</file>
         <name>boot_non_cortex_m.asm.obj</name>
      </input_file>
      <input_file id="fl-d1">
         <path>C:\ti\ccs1030\ccs\tools\compiler\ti-cgt-arm_20.2.4.LTS\lib\</path>
         <kind>archive</kind>
         <file>rtsv4_A_be_eabi.lib</file>
         <name>ull_div32.asm.obj</name>
      </input_file>
      <input_file id="fl-d2">
         <path>C:\ti\ccs1030\ccs\tools\compiler\ti-cgt-arm_20.2.4.LTS\lib\</path>
         <kind>archive</kind>
         <file>rtsv4_A_be_eabi.lib</file>
         <name>fd_add32.asm.obj</name>
      </input_file>
      <input_file id="fl-d3">
         <path>C:\ti\ccs1030\ccs\tools\compiler\ti-cgt-arm_20.2.4.LTS\lib\</path>
         <kind>archive</kind>
         <file>rtsv4_A_be_eabi.lib</file>
         <name>fd_cmp32.asm.obj</name>
      </input_file>
      <input_file id="fl-d4">
         <path>C:\ti\ccs1030\ccs\tools\compiler\ti-cgt-arm_20.2.4.LTS\lib\</path>
         <kind>archive</kind>
         <file>rtsv4_A_be_eabi.lib</file>
         <name>fd_div32.asm.obj</name>
      </input_file>
      <input_file id="fl-d5">
         <path>C:\ti\ccs1030\ccs\tools\compiler\ti-cgt-arm_20.2.4.LTS\lib\</path>
         <kind>archive</kind>
         <file>rtsv4_A_be_eabi.lib</file>
         <name>fd_mul32.asm.obj</name>
      </input_file>
      <input_file id="fl-d6">
         <path>C:\ti\ccs1030\ccs\tools\compiler\ti-cgt-arm_20.2.4.LTS\lib\</path>
         <kind>archive</kind>
         <file>rtsv4_A_be_eabi.lib</file>
         <name>fd_toi32.asm.obj</name>
      </input_file>
      <input_file id="fl-d7">
         <path>C:\ti\ccs1030\ccs\tools\compiler\ti-cgt-arm_20.2.4.LTS\lib\</path>
         <kind>archive</kind>
         <file>rtsv4_A_be_eabi.lib</file>
         <name>i_tofd32.asm.obj</name>
      </input_file>
      <input_file id="fl-d8">
         <path>C:\ti\ccs1030\ccs\tools\compiler\ti-cgt-arm_20.2.4.LTS\lib\</path>
         <kind>archive</kind>
         <file>rtsv4_A_be_eabi.lib</file>
         <name>memcpy32.asm.obj</name>
      </input_file>
      <input_file id="fl-d9">
         <path>C:\ti\ccs1030\ccs\tools\compiler\ti-cgt-arm_20.2.4.LTS\lib\</path>
         <kind>archive</kind>
         <file>rtsv4_A_be_eabi.lib</file>
         <name>memset32.asm.obj</name>
      </input_file>
      <input_file id="fl-da">
         <path>C:\ti\ccs1030\ccs\tools\compiler\ti-cgt-arm_20.2.4.LTS\lib\</path>
         <kind>archive</kind>
         <file>rtsv4_A_be_eabi.lib</file>
         <name>u_div32.asm.obj</name>
      </input_file>
      <input_file id="fl-db">
         <path>C:\ti\ccs1030\ccs\tools\compiler\ti-cgt-arm_20.2.4.LTS\lib\</path>
         <kind>archive</kind>
         <file>rtsv4_A_be_eabi.lib</file>
         <name>mpu_init.c.obj</name>
      </input_file>
      <input_file id="fl-dc">
         <path>C:\ti\ccs1030\ccs\tools\compiler\ti-cgt-arm_20.2.4.LTS\lib\</path>
         <kind>archive</kind>
         <file>rtsv4_A_be_eabi.lib</file>
         <name>autoinit.c.obj</name>
      </input_file>
      <input_file id="fl-dd">
         <path>C:\ti\ccs1030\ccs\tools\compiler\ti-cgt-arm_20.2.4.LTS\lib\</path>
         <kind>archive</kind>
         <file>rtsv4_A_be_eabi.lib</file>
         <name>pre_init.c.obj</name>
      </input_file>
      <input_file id="fl-de">
         <path>C:\ti\ccs1030\ccs\tools\compiler\ti-cgt-arm_20.2.4.LTS\lib\</path>
         <kind>archive</kind>
         <file>rtsv4_A_be_eabi.lib</file>
         <name>cpy_tbl.c.obj</name>
      </input_file>
      <input_file id="fl-df">
         <path>C:\ti\ccs1030\ccs\tools\compiler\ti-cgt-arm_20.2.4.LTS\lib\</path>
         <kind>archive</kind>
         <file>rtsv4_A_be_eabi.lib</file>
         <name>copy_zero_init.c.obj</name>
      </input_file>
      <input_file id="fl-e0">
         <path>C:\ti\ccs1030\ccs\tools\compiler\ti-cgt-arm_20.2.4.LTS\lib\</path>
         <kind>archive</kind>
         <file>rtsv4_A_be_eabi.lib</file>
         <name>copy_decompress_none.c.obj</name>
      </input_file>
      <input_file id="fl-e1">
         <path>C:\ti\ccs1030\ccs\tools\compiler\ti-cgt-arm_20.2.4.LTS\lib\</path>
         <kind>archive</kind>
         <file>rtsv4_A_be_eabi.lib</file>
         <name>copy_decompress_lzss.c.obj</name>
      </input_file>
      <input_file id="fl-e2">
         <path>C:\ti\ccs1030\ccs\tools\compiler\ti-cgt-arm_20.2.4.LTS\lib\</path>
         <kind>archive</kind>
         <file>rtsv4_A_be_eabi.lib</file>
         <name>exit.c.obj</name>
      </input_file>
      <input_file id="fl-e3">
         <path>C:\ti\ccs1030\ccs\tools\compiler\ti-cgt-arm_20.2.4.LTS\lib\</path>
         <kind>archive</kind>
         <file>rtsv4_A_be_eabi.lib</file>
         <name>_lock.c.obj</name>
      </input_file>
      <input_file id="fl-e4">
         <path>C:\ti\ccs1030\ccs\tools\compiler\ti-cgt-arm_20.2.4.LTS\lib\</path>
         <kind>archive</kind>
         <file>rtsv4_A_be_eabi.lib</file>
         <name>_ltoa.c.obj</name>
      </input_file>
      <input_file id="fl-e5">
         <path>C:\ti\ccs1030\ccs\tools\compiler\ti-cgt-arm_20.2.4.LTS\lib\</path>
         <kind>archive</kind>
         <file>rtsv4_A_be_eabi.lib</file>
         <name>args_main.c.obj</name>
      </input_file>
      <input_file id="fl-e6">
         <path>C:\ti\ccs1030\ccs\tools\compiler\ti-cgt-arm_20.2.4.LTS\lib\</path>
         <kind>archive</kind>
         <file>rtsv4_A_be_eabi.lib</file>
         <name>atoi.c.obj</name>
      </input_file>
      <input_file id="fl-e7">
         <path>C:\ti\ccs1030\ccs\tools\compiler\ti-cgt-arm_20.2.4.LTS\lib\</path>
         <kind>archive</kind>
         <file>rtsv4_A_be_eabi.lib</file>
         <name>ctype.c.obj</name>
      </input_file>
      <input_file id="fl-e8">
         <path>C:\ti\ccs1030\ccs\tools\compiler\ti-cgt-arm_20.2.4.LTS\lib\</path>
         <kind>archive</kind>
         <file>rtsv4_A_be_eabi.lib</file>
         <name>defs.c.obj</name>
      </input_file>
      <input_file id="fl-e9">
         <path>C:\ti\ccs1030\ccs\tools\compiler\ti-cgt-arm_20.2.4.LTS\lib\</path>
         <kind>archive</kind>
         <file>rtsv4_A_be_eabi.lib</file>
         <name>memccpy.c.obj</name>
      </input_file>
      <input_file id="fl-ea">
         <path>C:\ti\ccs1030\ccs\tools\compiler\ti-cgt-arm_20.2.4.LTS\lib\</path>
         <kind>archive</kind>
         <file>rtsv4_A_be_eabi.lib</file>
         <name>memchr.c.obj</name>
      </input_file>
      <input_file id="fl-eb">
         <path>C:\ti\ccs1030\ccs\tools\compiler\ti-cgt-arm_20.2.4.LTS\lib\</path>
         <kind>archive</kind>
         <file>rtsv4_A_be_eabi.lib</file>
         <name>memory.c.obj</name>
      </input_file>
      <input_file id="fl-ec">
         <path>C:\ti\ccs1030\ccs\tools\compiler\ti-cgt-arm_20.2.4.LTS\lib\</path>
         <kind>archive</kind>
         <file>rtsv4_A_be_eabi.lib</file>
         <name>strchr.c.obj</name>
      </input_file>
      <input_file id="fl-ed">
         <path>C:\ti\ccs1030\ccs\tools\compiler\ti-cgt-arm_20.2.4.LTS\lib\</path>
         <kind>archive</kind>
         <file>rtsv4_A_be_eabi.lib</file>
         <name>strcmp.c.obj</name>
      </input_file>
      <input_file id="fl-ee">
         <path>C:\ti\ccs1030\ccs\tools\compiler\ti-cgt-arm_20.2.4.LTS\lib\</path>
         <kind>archive</kind>
         <file>rtsv4_A_be_eabi.lib</file>
         <name>strlen.c.obj</name>
      </input_file>
      <input_file id="fl-ef">
         <path>C:\ti\ccs1030\ccs\tools\compiler\ti-cgt-arm_20.2.4.LTS\lib\</path>
         <kind>archive</kind>
         <file>rtsv4_A_be_eabi.lib</file>
         <name>write.c.obj</name>
      </input_file>
      <input_file id="fl-f0">
         <path>C:\ti\ccs1030\ccs\tools\compiler\ti-cgt-arm_20.2.4.LTS\lib\</path>
         <kind>archive</kind>
         <file>rtsv4_A_be_eabi.lib</file>
         <name>host_device.c.obj</name>
      </input_file>
      <input_file id="fl-f1">
         <path>C:\ti\ccs1030\ccs\tools\compiler\ti-cgt-arm_20.2.4.LTS\lib\</path>
         <kind>archive</kind>
         <file>rtsv4_A_be_eabi.lib</file>
         <name>rename.c.obj</name>
      </input_file>
      <input_file id="fl-f2">
         <path>C:\ti\ccs1030\ccs\tools\compiler\ti-cgt-arm_20.2.4.LTS\lib\</path>
         <kind>archive</kind>
         <file>rtsv4_A_be_eabi.lib</file>
         <name>remove.c.obj</name>
      </input_file>
      <input_file id="fl-f3">
         <path>C:\ti\ccs1030\ccs\tools\compiler\ti-cgt-arm_20.2.4.LTS\lib\</path>
         <kind>archive</kind>
         <file>rtsv4_A_be_eabi.lib</file>
         <name>read.c.obj</name>
      </input_file>
      <input_file id="fl-f4">
         <path>C:\ti\ccs1030\ccs\tools\compiler\ti-cgt-arm_20.2.4.LTS\lib\</path>
         <kind>archive</kind>
         <file>rtsv4_A_be_eabi.lib</file>
         <name>open.c.obj</name>
      </input_file>
      <input_file id="fl-f5">
         <path>C:\ti\ccs1030\ccs\tools\compiler\ti-cgt-arm_20.2.4.LTS\lib\</path>
         <kind>archive</kind>
         <file>rtsv4_A_be_eabi.lib</file>
         <name>lseek.c.obj</name>
      </input_file>
      <input_file id="fl-f6">
         <path>C:\ti\ccs1030\ccs\tools\compiler\ti-cgt-arm_20.2.4.LTS\lib\</path>
         <kind>archive</kind>
         <file>rtsv4_A_be_eabi.lib</file>
         <name>close.c.obj</name>
      </input_file>
      <input_file id="fl-f7">
         <path>C:\ti\ccs1030\ccs\tools\compiler\ti-cgt-arm_20.2.4.LTS\lib\</path>
         <kind>archive</kind>
         <file>rtsv4_A_be_eabi.lib</file>
         <name>errno.c.obj</name>
      </input_file>
      <input_file id="fl-f8">
         <path>C:\ti\ccs1030\ccs\tools\compiler\ti-cgt-arm_20.2.4.LTS\lib\</path>
         <kind>archive</kind>
         <file>rtsv4_A_be_eabi.lib</file>
         <name>s_copysign.c.obj</name>
      </input_file>
      <input_file id="fl-f9">
         <path>C:\ti\ccs1030\ccs\tools\compiler\ti-cgt-arm_20.2.4.LTS\lib\</path>
         <kind>archive</kind>
         <file>rtsv4_A_be_eabi.lib</file>
         <name>_scanfi.c.obj</name>
      </input_file>
      <input_file id="fl-fa">
         <path>C:\ti\ccs1030\ccs\tools\compiler\ti-cgt-arm_20.2.4.LTS\lib\</path>
         <kind>archive</kind>
         <file>rtsv4_A_be_eabi.lib</file>
         <name>getdevice.c.obj</name>
      </input_file>
      <input_file id="fl-fb">
         <path>C:\ti\ccs1030\ccs\tools\compiler\ti-cgt-arm_20.2.4.LTS\lib\</path>
         <kind>archive</kind>
         <file>rtsv4_A_be_eabi.lib</file>
         <name>div0.asm.obj</name>
      </input_file>
      <input_file id="fl-fc">
         <path>C:\ti\ccs1030\ccs\tools\compiler\ti-cgt-arm_20.2.4.LTS\lib\</path>
         <kind>archive</kind>
         <file>rtsv4_A_be_eabi.lib</file>
         <name>fd_tos32.asm.obj</name>
      </input_file>
      <input_file id="fl-fd">
         <path>C:\ti\ccs1030\ccs\tools\compiler\ti-cgt-arm_20.2.4.LTS\lib\</path>
         <kind>archive</kind>
         <file>rtsv4_A_be_eabi.lib</file>
         <name>i_div32.asm.obj</name>
      </input_file>
      <input_file id="fl-fe">
         <path>C:\ti\ccs1030\ccs\tools\compiler\ti-cgt-arm_20.2.4.LTS\lib\</path>
         <kind>archive</kind>
         <file>rtsv4_A_be_eabi.lib</file>
         <name>strcpy.c.obj</name>
      </input_file>
      <input_file id="fl-ff">
         <path>C:\ti\ccs1030\ccs\tools\compiler\ti-cgt-arm_20.2.4.LTS\lib\</path>
         <kind>archive</kind>
         <file>rtsv4_A_be_eabi.lib</file>
         <name>strncpy.c.obj</name>
      </input_file>
      <input_file id="fl-100">
         <path>C:\ti\ccs1030\ccs\tools\compiler\ti-cgt-arm_20.2.4.LTS\lib\</path>
         <kind>archive</kind>
         <file>rtsv4_A_be_eabi.lib</file>
         <name>strrchr.c.obj</name>
      </input_file>
      <input_file id="fl-101">
         <path>C:\ti\ccs1030\ccs\tools\compiler\ti-cgt-arm_20.2.4.LTS\lib\</path>
         <kind>archive</kind>
         <file>rtsv4_A_be_eabi.lib</file>
         <name>strtod.c.obj</name>
      </input_file>
      <input_file id="fl-102">
         <path>C:\ti\ccs1030\ccs\tools\compiler\ti-cgt-arm_20.2.4.LTS\lib\</path>
         <kind>archive</kind>
         <file>rtsv4_A_be_eabi.lib</file>
         <name>strtol.c.obj</name>
      </input_file>
      <input_file id="fl-103">
         <path>C:\ti\ccs1030\ccs\tools\compiler\ti-cgt-arm_20.2.4.LTS\lib\</path>
         <kind>archive</kind>
         <file>rtsv4_A_be_eabi.lib</file>
         <name>strtoll.c.obj</name>
      </input_file>
      <input_file id="fl-104">
         <path>C:\ti\ccs1030\ccs\tools\compiler\ti-cgt-arm_20.2.4.LTS\lib\</path>
         <kind>archive</kind>
         <file>rtsv4_A_be_eabi.lib</file>
         <name>strtoul.c.obj</name>
      </input_file>
      <input_file id="fl-105">
         <path>C:\ti\ccs1030\ccs\tools\compiler\ti-cgt-arm_20.2.4.LTS\lib\</path>
         <kind>archive</kind>
         <file>rtsv4_A_be_eabi.lib</file>
         <name>strtoull.c.obj</name>
      </input_file>
      <input_file id="fl-106">
         <path>C:\ti\ccs1030\ccs\tools\compiler\ti-cgt-arm_20.2.4.LTS\lib\</path>
         <kind>archive</kind>
         <file>rtsv4_A_be_eabi.lib</file>
         <name>unlink.c.obj</name>
      </input_file>
      <input_file id="fl-107">
         <path>C:\ti\ccs1030\ccs\tools\compiler\ti-cgt-arm_20.2.4.LTS\lib\</path>
         <kind>archive</kind>
         <file>rtsv4_A_be_eabi.lib</file>
         <name>hostclose.c.obj</name>
      </input_file>
      <input_file id="fl-108">
         <path>C:\ti\ccs1030\ccs\tools\compiler\ti-cgt-arm_20.2.4.LTS\lib\</path>
         <kind>archive</kind>
         <file>rtsv4_A_be_eabi.lib</file>
         <name>hostlseek.c.obj</name>
      </input_file>
      <input_file id="fl-109">
         <path>C:\ti\ccs1030\ccs\tools\compiler\ti-cgt-arm_20.2.4.LTS\lib\</path>
         <kind>archive</kind>
         <file>rtsv4_A_be_eabi.lib</file>
         <name>hostopen.c.obj</name>
      </input_file>
      <input_file id="fl-10a">
         <path>C:\ti\ccs1030\ccs\tools\compiler\ti-cgt-arm_20.2.4.LTS\lib\</path>
         <kind>archive</kind>
         <file>rtsv4_A_be_eabi.lib</file>
         <name>hostread.c.obj</name>
      </input_file>
      <input_file id="fl-10b">
         <path>C:\ti\ccs1030\ccs\tools\compiler\ti-cgt-arm_20.2.4.LTS\lib\</path>
         <kind>archive</kind>
         <file>rtsv4_A_be_eabi.lib</file>
         <name>hostrename.c.obj</name>
      </input_file>
      <input_file id="fl-10c">
         <path>C:\ti\ccs1030\ccs\tools\compiler\ti-cgt-arm_20.2.4.LTS\lib\</path>
         <kind>archive</kind>
         <file>rtsv4_A_be_eabi.lib</file>
         <name>hostunlink.c.obj</name>
      </input_file>
      <input_file id="fl-10d">
         <path>C:\ti\ccs1030\ccs\tools\compiler\ti-cgt-arm_20.2.4.LTS\lib\</path>
         <kind>archive</kind>
         <file>rtsv4_A_be_eabi.lib</file>
         <name>hostwrite.c.obj</name>
      </input_file>
      <input_file id="fl-10e">
         <path>C:\ti\ccs1030\ccs\tools\compiler\ti-cgt-arm_20.2.4.LTS\lib\</path>
         <kind>archive</kind>
         <file>rtsv4_A_be_eabi.lib</file>
         <name>trgmsg.c.obj</name>
      </input_file>
   </input_file_list>
   <object_component_list>
      <object_component id="oc-1aa">
         <name>.text:__TI_scanfi</name>
         <load_address>0x20</load_address>
         <run_address>0x20</run_address>
         <size>0x1298</size>
         <input_file_ref idref="fl-f9"/>
      </object_component>
      <object_component id="oc-191">
         <name>.text:__TI_printfi</name>
         <load_address>0x12b8</load_address>
         <run_address>0x12b8</run_address>
         <size>0x1048</size>
         <input_file_ref idref="fl-be"/>
      </object_component>
      <object_component id="oc-e3">
         <name>.text</name>
         <load_address>0x2300</load_address>
         <run_address>0x2300</run_address>
         <size>0x9ac</size>
         <input_file_ref idref="fl-2"/>
      </object_component>
      <object_component id="oc-2ca">
         <name>.text:strtod</name>
         <load_address>0x2cac</load_address>
         <run_address>0x2cac</run_address>
         <size>0x648</size>
         <input_file_ref idref="fl-101"/>
      </object_component>
      <object_component id="oc-277">
         <name>.text:_pconv_a</name>
         <load_address>0x32f4</load_address>
         <run_address>0x32f4</run_address>
         <size>0x35c</size>
         <input_file_ref idref="fl-be"/>
      </object_component>
      <object_component id="oc-2db">
         <name>.text:strtoll</name>
         <load_address>0x3650</load_address>
         <run_address>0x3650</run_address>
         <size>0x2d8</size>
         <input_file_ref idref="fl-103"/>
      </object_component>
      <object_component id="oc-378">
         <name>.text</name>
         <load_address>0x3928</load_address>
         <run_address>0x3928</run_address>
         <size>0x2c0</size>
         <input_file_ref idref="fl-d1"/>
      </object_component>
      <object_component id="oc-265">
         <name>.text:_pconv_g</name>
         <load_address>0x3be8</load_address>
         <run_address>0x3be8</run_address>
         <size>0x2b0</size>
         <input_file_ref idref="fl-be"/>
      </object_component>
      <object_component id="oc-120">
         <name>.text:fwrite</name>
         <load_address>0x3e98</load_address>
         <run_address>0x3e98</run_address>
         <size>0x27c</size>
         <input_file_ref idref="fl-c8"/>
      </object_component>
      <object_component id="oc-2c4">
         <name>.text:strtoull</name>
         <load_address>0x4114</load_address>
         <run_address>0x4114</run_address>
         <size>0x244</size>
         <input_file_ref idref="fl-105"/>
      </object_component>
      <object_component id="oc-39d">
         <name>.text</name>
         <load_address>0x4358</load_address>
         <run_address>0x4358</run_address>
         <size>0x234</size>
         <input_file_ref idref="fl-d2"/>
      </object_component>
      <object_component id="oc-2d5">
         <name>.text:strtol</name>
         <load_address>0x458c</load_address>
         <run_address>0x458c</run_address>
         <size>0x1f8</size>
         <input_file_ref idref="fl-102"/>
      </object_component>
      <object_component id="oc-2a0">
         <name>.text:fputs</name>
         <load_address>0x4784</load_address>
         <run_address>0x4784</run_address>
         <size>0x1d0</size>
         <input_file_ref idref="fl-c5"/>
      </object_component>
      <object_component id="oc-2be">
         <name>.text:strtoul</name>
         <load_address>0x4954</load_address>
         <run_address>0x4954</run_address>
         <size>0x1bc</size>
         <input_file_ref idref="fl-104"/>
      </object_component>
      <object_component id="oc-271">
         <name>.text:_pconv_e</name>
         <load_address>0x4b10</load_address>
         <run_address>0x4b10</run_address>
         <size>0x1b8</size>
         <input_file_ref idref="fl-be"/>
      </object_component>
      <object_component id="oc-3af">
         <name>.text:fcvt</name>
         <load_address>0x4cc8</load_address>
         <run_address>0x4cc8</run_address>
         <size>0x1b0</size>
         <input_file_ref idref="fl-be"/>
      </object_component>
      <object_component id="oc-4c6">
         <name>.text:aligned_alloc</name>
         <load_address>0x4e78</load_address>
         <run_address>0x4e78</run_address>
         <size>0x1a4</size>
         <input_file_ref idref="fl-eb"/>
      </object_component>
      <object_component id="oc-138">
         <name>.text:fread</name>
         <load_address>0x501c</load_address>
         <run_address>0x501c</run_address>
         <size>0x1a4</size>
         <input_file_ref idref="fl-c6"/>
      </object_component>
      <object_component id="oc-383">
         <name>.text</name>
         <load_address>0x51c0</load_address>
         <run_address>0x51c0</run_address>
         <size>0x1a4</size>
         <input_file_ref idref="fl-d4"/>
      </object_component>
      <object_component id="oc-27">
         <name>.text</name>
         <load_address>0x5364</load_address>
         <run_address>0x5364</run_address>
         <size>0x1a0</size>
         <input_file_ref idref="fl-d8"/>
      </object_component>
      <object_component id="oc-1c4">
         <name>.text:_openfile</name>
         <load_address>0x5504</load_address>
         <run_address>0x5504</run_address>
         <size>0x198</size>
         <input_file_ref idref="fl-c3"/>
      </object_component>
      <object_component id="oc-336">
         <name>.text:free</name>
         <load_address>0x569c</load_address>
         <run_address>0x569c</run_address>
         <size>0x190</size>
         <input_file_ref idref="fl-eb"/>
      </object_component>
      <object_component id="oc-318">
         <name>.text:setvbuf</name>
         <load_address>0x582c</load_address>
         <run_address>0x582c</run_address>
         <size>0x178</size>
         <input_file_ref idref="fl-cb"/>
      </object_component>
      <object_component id="oc-307">
         <name>.text:open</name>
         <load_address>0x59a4</load_address>
         <run_address>0x59a4</run_address>
         <size>0x15c</size>
         <input_file_ref idref="fl-f4"/>
      </object_component>
      <object_component id="oc-3c3">
         <name>.text:scalbn</name>
         <load_address>0x5b00</load_address>
         <run_address>0x5b00</run_address>
         <size>0x144</size>
         <input_file_ref idref="fl-cf"/>
      </object_component>
      <object_component id="oc-37e">
         <name>.text</name>
         <load_address>0x5c44</load_address>
         <run_address>0x5c44</run_address>
         <size>0x13c</size>
         <input_file_ref idref="fl-d5"/>
      </object_component>
      <object_component id="oc-2a7">
         <name>.text:fputc</name>
         <load_address>0x5d80</load_address>
         <run_address>0x5d80</run_address>
         <size>0x11c</size>
         <input_file_ref idref="fl-c4"/>
      </object_component>
      <object_component id="oc-25f">
         <name>.text:_ltostr</name>
         <load_address>0x5e9c</load_address>
         <run_address>0x5e9c</run_address>
         <size>0x115</size>
         <input_file_ref idref="fl-be"/>
      </object_component>
      <object_component id="oc-478">
         <name>.text</name>
         <load_address>0x5fb4</load_address>
         <run_address>0x5fb4</run_address>
         <size>0x114</size>
         <input_file_ref idref="fl-fd"/>
      </object_component>
      <object_component id="oc-212">
         <name>.text:__TI_buff_read</name>
         <load_address>0x60c8</load_address>
         <run_address>0x60c8</run_address>
         <size>0x104</size>
         <input_file_ref idref="fl-c9"/>
      </object_component>
      <object_component id="oc-11a">
         <name>.text:fopen</name>
         <load_address>0x61cc</load_address>
         <run_address>0x61cc</run_address>
         <size>0x100</size>
         <input_file_ref idref="fl-c3"/>
      </object_component>
      <object_component id="oc-1bc">
         <name>.text:_chkmbc</name>
         <load_address>0x62cc</load_address>
         <run_address>0x62cc</run_address>
         <size>0xf4</size>
         <input_file_ref idref="fl-bf"/>
      </object_component>
      <object_component id="oc-1e8">
         <name>.text</name>
         <load_address>0x63c0</load_address>
         <run_address>0x63c0</run_address>
         <size>0xf0</size>
         <input_file_ref idref="fl-da"/>
      </object_component>
      <object_component id="oc-27d">
         <name>.text:__aeabi_cdcmple</name>
         <load_address>0x64b0</load_address>
         <run_address>0x64b0</run_address>
         <size>0xe4</size>
         <input_file_ref idref="fl-d3"/>
      </object_component>
      <object_component id="oc-388">
         <name>.text:__aeabi_cdrcmple</name>
         <load_address>0x6594</load_address>
         <run_address>0x6594</run_address>
         <size>0xe4</size>
         <input_file_ref idref="fl-d3"/>
      </object_component>
      <object_component id="oc-2f6">
         <name>.text:fgetc</name>
         <load_address>0x6678</load_address>
         <run_address>0x6678</run_address>
         <size>0xe0</size>
         <input_file_ref idref="fl-c2"/>
      </object_component>
      <object_component id="oc-2fd">
         <name>.text:ungetc</name>
         <load_address>0x6758</load_address>
         <run_address>0x6758</run_address>
         <size>0xd4</size>
         <input_file_ref idref="fl-cc"/>
      </object_component>
      <object_component id="oc-3a8">
         <name>.text:_mcpy</name>
         <load_address>0x682c</load_address>
         <run_address>0x682c</run_address>
         <size>0xcc</size>
         <input_file_ref idref="fl-be"/>
      </object_component>
      <object_component id="oc-12c">
         <name>.text:fflush</name>
         <load_address>0x68f8</load_address>
         <run_address>0x68f8</run_address>
         <size>0xcc</size>
         <input_file_ref idref="fl-c1"/>
      </object_component>
      <object_component id="oc-204">
         <name>.text:__TI_closefile</name>
         <load_address>0x69c4</load_address>
         <run_address>0x69c4</run_address>
         <size>0xc4</size>
         <input_file_ref idref="fl-c0"/>
      </object_component>
      <object_component id="oc-457">
         <name>.text:HOSTlseek</name>
         <load_address>0x6a88</load_address>
         <run_address>0x6a88</run_address>
         <size>0xbc</size>
         <input_file_ref idref="fl-108"/>
      </object_component>
      <object_component id="oc-150">
         <name>.text:fseek</name>
         <load_address>0x6b44</load_address>
         <run_address>0x6b44</run_address>
         <size>0xb8</size>
         <input_file_ref idref="fl-c7"/>
      </object_component>
      <object_component id="oc-463">
         <name>.text:HOSTrename</name>
         <load_address>0x6bfc</load_address>
         <run_address>0x6bfc</run_address>
         <size>0xb4</size>
         <input_file_ref idref="fl-10b"/>
      </object_component>
      <object_component id="oc-33c">
         <name>.text:close</name>
         <load_address>0x6cb0</load_address>
         <run_address>0x6cb0</run_address>
         <size>0xb0</size>
         <input_file_ref idref="fl-f6"/>
      </object_component>
      <object_component id="oc-6d">
         <name>.text</name>
         <load_address>0x6d60</load_address>
         <run_address>0x6d60</run_address>
         <size>0xb0</size>
         <input_file_ref idref="fl-d9"/>
      </object_component>
      <object_component id="oc-503">
         <name>.text:split</name>
         <load_address>0x6e10</load_address>
         <run_address>0x6e10</run_address>
         <size>0xb0</size>
         <input_file_ref idref="fl-eb"/>
      </object_component>
      <object_component id="oc-114">
         <name>.text:scanf</name>
         <load_address>0x6ec0</load_address>
         <run_address>0x6ec0</run_address>
         <size>0xac</size>
         <input_file_ref idref="fl-bf"/>
      </object_component>
      <object_component id="oc-43f">
         <name>.text:HOSTopen</name>
         <load_address>0x6f6c</load_address>
         <run_address>0x6f6c</run_address>
         <size>0xa8</size>
         <input_file_ref idref="fl-109"/>
      </object_component>
      <object_component id="oc-126">
         <name>.text:fprintf</name>
         <load_address>0x7014</load_address>
         <run_address>0x7014</run_address>
         <size>0xa8</size>
         <input_file_ref idref="fl-bd"/>
      </object_component>
      <object_component id="oc-10e">
         <name>.text:printf</name>
         <load_address>0x70bc</load_address>
         <run_address>0x70bc</run_address>
         <size>0xa8</size>
         <input_file_ref idref="fl-bc"/>
      </object_component>
      <object_component id="oc-1d0">
         <name>.text:__TI_wrt_ok</name>
         <load_address>0x7164</load_address>
         <run_address>0x7164</run_address>
         <size>0xa4</size>
         <input_file_ref idref="fl-ca"/>
      </object_component>
      <object_component id="oc-44b">
         <name>.text:HOSTread</name>
         <load_address>0x7208</load_address>
         <run_address>0x7208</run_address>
         <size>0xa0</size>
         <input_file_ref idref="fl-10a"/>
      </object_component>
      <object_component id="oc-451">
         <name>.text:HOSTwrite</name>
         <load_address>0x72a8</load_address>
         <run_address>0x72a8</run_address>
         <size>0xa0</size>
         <input_file_ref idref="fl-10d"/>
      </object_component>
      <object_component id="oc-3a2">
         <name>.text:_ecpy</name>
         <load_address>0x7348</load_address>
         <run_address>0x7348</run_address>
         <size>0xa0</size>
         <input_file_ref idref="fl-be"/>
      </object_component>
      <object_component id="oc-6">
         <name>.text:decompress:lzss:__TI_decompress_lzss</name>
         <load_address>0x73e8</load_address>
         <run_address>0x73e8</run_address>
         <size>0xa0</size>
         <input_file_ref idref="fl-e1"/>
      </object_component>
      <object_component id="oc-2d0">
         <name>.text</name>
         <load_address>0x7488</load_address>
         <run_address>0x7488</run_address>
         <size>0x9c</size>
         <input_file_ref idref="fl-fc"/>
      </object_component>
      <object_component id="oc-b3">
         <name>.text:exit</name>
         <load_address>0x7524</load_address>
         <run_address>0x7524</run_address>
         <size>0x94</size>
         <input_file_ref idref="fl-e2"/>
      </object_component>
      <object_component id="oc-1dc">
         <name>.text:__TI_doflush</name>
         <load_address>0x75b8</load_address>
         <run_address>0x75b8</run_address>
         <size>0x88</size>
         <input_file_ref idref="fl-c1"/>
      </object_component>
      <object_component id="oc-26b">
         <name>.text:_pconv_f</name>
         <load_address>0x7640</load_address>
         <run_address>0x7640</run_address>
         <size>0x88</size>
         <input_file_ref idref="fl-be"/>
      </object_component>
      <object_component id="oc-259">
         <name>.text:atoi</name>
         <load_address>0x76c8</load_address>
         <run_address>0x76c8</run_address>
         <size>0x88</size>
         <input_file_ref idref="fl-e6"/>
      </object_component>
      <object_component id="oc-14a">
         <name>.text:rename</name>
         <load_address>0x7750</load_address>
         <run_address>0x7750</run_address>
         <size>0x88</size>
         <input_file_ref idref="fl-f1"/>
      </object_component>
      <object_component id="oc-445">
         <name>.text:HOSTclose</name>
         <load_address>0x77d8</load_address>
         <run_address>0x77d8</run_address>
         <size>0x84</size>
         <input_file_ref idref="fl-107"/>
      </object_component>
      <object_component id="oc-392">
         <name>.text:__TI_ltoa</name>
         <load_address>0x785c</load_address>
         <run_address>0x785c</run_address>
         <size>0x84</size>
         <input_file_ref idref="fl-e4"/>
      </object_component>
      <object_component id="oc-3bd">
         <name>.text:frexp</name>
         <load_address>0x78e0</load_address>
         <run_address>0x78e0</run_address>
         <size>0x84</size>
         <input_file_ref idref="fl-ce"/>
      </object_component>
      <object_component id="oc-45d">
         <name>.text:HOSTunlink</name>
         <load_address>0x7964</load_address>
         <run_address>0x7964</run_address>
         <size>0x80</size>
         <input_file_ref idref="fl-10c"/>
      </object_component>
      <object_component id="oc-20c">
         <name>.text:__TI_rd_ok</name>
         <load_address>0x79e4</load_address>
         <run_address>0x79e4</run_address>
         <size>0x7c</size>
         <input_file_ref idref="fl-ca"/>
      </object_component>
      <object_component id="oc-222">
         <name>.text:getdevice</name>
         <load_address>0x7a60</load_address>
         <run_address>0x7a60</run_address>
         <size>0x70</size>
         <input_file_ref idref="fl-fa"/>
      </object_component>
      <object_component id="oc-75">
         <name>.text:__TI_auto_init_nobinit_nopinit:__TI_auto_init_nobinit_nopinit</name>
         <load_address>0x7ad0</load_address>
         <run_address>0x7ad0</run_address>
         <size>0x68</size>
         <input_file_ref idref="fl-dc"/>
      </object_component>
      <object_component id="oc-38d">
         <name>.text</name>
         <load_address>0x7b38</load_address>
         <run_address>0x7b38</run_address>
         <size>0x68</size>
         <input_file_ref idref="fl-d6"/>
      </object_component>
      <object_component id="oc-3b5">
         <name>.text:_fcpy</name>
         <load_address>0x7ba0</load_address>
         <run_address>0x7ba0</run_address>
         <size>0x64</size>
         <input_file_ref idref="fl-be"/>
      </object_component>
      <object_component id="oc-132">
         <name>.text:fclose</name>
         <load_address>0x7c04</load_address>
         <run_address>0x7c04</run_address>
         <size>0x60</size>
         <input_file_ref idref="fl-c0"/>
      </object_component>
      <object_component id="oc-4e0">
         <name>.text:__TI_readmsg</name>
         <load_address>0x7c64</load_address>
         <run_address>0x7c64</run_address>
         <size>0x5c</size>
         <input_file_ref idref="fl-10e"/>
      </object_component>
      <object_component id="oc-144">
         <name>.text:unlink</name>
         <load_address>0x7cc0</load_address>
         <run_address>0x7cc0</run_address>
         <size>0x5c</size>
         <input_file_ref idref="fl-106"/>
      </object_component>
      <object_component id="oc-30d">
         <name>.text:__TI_cleanup</name>
         <load_address>0x7d1c</load_address>
         <run_address>0x7d1c</run_address>
         <size>0x58</size>
         <input_file_ref idref="fl-c3"/>
      </object_component>
      <object_component id="oc-4da">
         <name>.text:__TI_writemsg</name>
         <load_address>0x7d74</load_address>
         <run_address>0x7d74</run_address>
         <size>0x58</size>
         <input_file_ref idref="fl-10e"/>
      </object_component>
      <object_component id="oc-355">
         <name>.text:finddevice</name>
         <load_address>0x7dcc</load_address>
         <run_address>0x7dcc</run_address>
         <size>0x58</size>
         <input_file_ref idref="fl-fa"/>
      </object_component>
      <object_component id="oc-22c">
         <name>.text:lseek</name>
         <load_address>0x7e24</load_address>
         <run_address>0x7e24</run_address>
         <size>0x4c</size>
         <input_file_ref idref="fl-f5"/>
      </object_component>
      <object_component id="oc-218">
         <name>.text:read</name>
         <load_address>0x7e70</load_address>
         <run_address>0x7e70</run_address>
         <size>0x4c</size>
         <input_file_ref idref="fl-f3"/>
      </object_component>
      <object_component id="oc-1e2">
         <name>.text:write</name>
         <load_address>0x7ebc</load_address>
         <run_address>0x7ebc</run_address>
         <size>0x4c</size>
         <input_file_ref idref="fl-ef"/>
      </object_component>
      <object_component id="oc-34f">
         <name>.text:strncpy</name>
         <load_address>0x7f08</load_address>
         <run_address>0x7f08</run_address>
         <size>0x48</size>
         <input_file_ref idref="fl-ff"/>
      </object_component>
      <object_component id="oc-42f">
         <name>.text:free_list_insert</name>
         <load_address>0x7f50</load_address>
         <run_address>0x7f50</run_address>
         <size>0x40</size>
         <input_file_ref idref="fl-eb"/>
      </object_component>
      <object_component id="oc-13">
         <name>.text</name>
         <load_address>0x7f90</load_address>
         <run_address>0x7f90</run_address>
         <size>0x3c</size>
         <input_file_ref idref="fl-d0"/>
      </object_component>
      <object_component id="oc-398">
         <name>.text</name>
         <load_address>0x7fcc</load_address>
         <run_address>0x7fcc</run_address>
         <size>0x3c</size>
         <input_file_ref idref="fl-d7"/>
      </object_component>
      <object_component id="oc-429">
         <name>.text:free_list_remove</name>
         <load_address>0x8008</load_address>
         <run_address>0x8008</run_address>
         <size>0x30</size>
         <input_file_ref idref="fl-eb"/>
      </object_component>
      <object_component id="oc-282">
         <name>.text:memccpy</name>
         <load_address>0x8038</load_address>
         <run_address>0x8038</run_address>
         <size>0x30</size>
         <input_file_ref idref="fl-e9"/>
      </object_component>
      <object_component id="oc-1d6">
         <name>.text:memchr</name>
         <load_address>0x8068</load_address>
         <run_address>0x8068</run_address>
         <size>0x2c</size>
         <input_file_ref idref="fl-ea"/>
      </object_component>
      <object_component id="oc-2e1">
         <name>.text:strrchr</name>
         <load_address>0x8094</load_address>
         <run_address>0x8094</run_address>
         <size>0x2c</size>
         <input_file_ref idref="fl-100"/>
      </object_component>
      <object_component id="oc-33">
         <name>.text:decompress:ZI:__TI_zero_init_nomemset:__TI_zero_init_nomemset</name>
         <load_address>0x80c0</load_address>
         <run_address>0x80c0</run_address>
         <size>0x28</size>
         <input_file_ref idref="fl-df"/>
      </object_component>
      <object_component id="oc-2e7">
         <name>.text:strchr</name>
         <load_address>0x80e8</load_address>
         <run_address>0x80e8</run_address>
         <size>0x28</size>
         <input_file_ref idref="fl-ec"/>
      </object_component>
      <object_component id="oc-13e">
         <name>.text:strcmp</name>
         <load_address>0x8110</load_address>
         <run_address>0x8110</run_address>
         <size>0x28</size>
         <input_file_ref idref="fl-ed"/>
      </object_component>
      <object_component id="oc-288">
         <name>.text:wcslen</name>
         <load_address>0x8138</load_address>
         <run_address>0x8138</run_address>
         <size>0x24</size>
         <input_file_ref idref="fl-cd"/>
      </object_component>
      <object_component id="oc-4c">
         <name>.text:_args_main</name>
         <load_address>0x815c</load_address>
         <run_address>0x815c</run_address>
         <size>0x20</size>
         <input_file_ref idref="fl-e5"/>
      </object_component>
      <object_component id="oc-2b8">
         <name>.text:strcpy</name>
         <load_address>0x817c</load_address>
         <run_address>0x817c</run_address>
         <size>0x1c</size>
         <input_file_ref idref="fl-fe"/>
      </object_component>
      <object_component id="oc-253">
         <name>.text:strlen</name>
         <load_address>0x8198</load_address>
         <run_address>0x8198</run_address>
         <size>0x1c</size>
         <input_file_ref idref="fl-ee"/>
      </object_component>
      <object_component id="oc-c">
         <name>.text:decompress:none:__TI_decompress_none</name>
         <load_address>0x81b4</load_address>
         <run_address>0x81b4</run_address>
         <size>0x14</size>
         <input_file_ref idref="fl-e0"/>
      </object_component>
      <object_component id="oc-1b6">
         <name>.text:_uninpchar</name>
         <load_address>0x81c8</load_address>
         <run_address>0x81c8</run_address>
         <size>0x10</size>
         <input_file_ref idref="fl-bf"/>
      </object_component>
      <object_component id="oc-48c">
         <name>.text:copysign</name>
         <load_address>0x81d8</load_address>
         <run_address>0x81d8</run_address>
         <size>0x10</size>
         <input_file_ref idref="fl-f8"/>
      </object_component>
      <object_component id="oc-a5">
         <name>.text</name>
         <load_address>0x81e8</load_address>
         <run_address>0x81e8</run_address>
         <size>0x10</size>
         <input_file_ref idref="fl-3"/>
      </object_component>
      <object_component id="oc-28e">
         <name>.text:__aeabi_errno_addr</name>
         <load_address>0x81f8</load_address>
         <run_address>0x81f8</run_address>
         <size>0xc</size>
         <input_file_ref idref="fl-f7"/>
      </object_component>
      <object_component id="oc-412">
         <name>.text:malloc</name>
         <load_address>0x8204</load_address>
         <run_address>0x8204</run_address>
         <size>0xc</size>
         <input_file_ref idref="fl-eb"/>
      </object_component>
      <object_component id="oc-1b0">
         <name>.text:_inpchar</name>
         <load_address>0x8210</load_address>
         <run_address>0x8210</run_address>
         <size>0x8</size>
         <input_file_ref idref="fl-bf"/>
      </object_component>
      <object_component id="oc-45">
         <name>.text:_system_pre_init</name>
         <load_address>0x8218</load_address>
         <run_address>0x8218</run_address>
         <size>0x8</size>
         <input_file_ref idref="fl-dd"/>
      </object_component>
      <object_component id="oc-ad">
         <name>.text:abort:abort</name>
         <load_address>0x8220</load_address>
         <run_address>0x8220</run_address>
         <size>0x8</size>
         <input_file_ref idref="fl-e2"/>
      </object_component>
      <object_component id="oc-3f">
         <name>.text:__mpu_init</name>
         <load_address>0x8228</load_address>
         <run_address>0x8228</run_address>
         <size>0x4</size>
         <input_file_ref idref="fl-db"/>
      </object_component>
      <object_component id="oc-179">
         <name>.text:_nop</name>
         <load_address>0x822c</load_address>
         <run_address>0x822c</run_address>
         <size>0x4</size>
         <input_file_ref idref="fl-e3"/>
      </object_component>
      <object_component id="oc-1fa">
         <name>.text:_outc</name>
         <load_address>0x8230</load_address>
         <run_address>0x8230</run_address>
         <size>0x4</size>
         <input_file_ref idref="fl-bd"/>
      </object_component>
      <object_component id="oc-19d">
         <name>.text:_outc</name>
         <load_address>0x8234</load_address>
         <run_address>0x8234</run_address>
         <size>0x4</size>
         <input_file_ref idref="fl-bc"/>
      </object_component>
      <object_component id="oc-1f4">
         <name>.text:_outs</name>
         <load_address>0x8238</load_address>
         <run_address>0x8238</run_address>
         <size>0x4</size>
         <input_file_ref idref="fl-bd"/>
      </object_component>
      <object_component id="oc-197">
         <name>.text:_outs</name>
         <load_address>0x823c</load_address>
         <run_address>0x823c</run_address>
         <size>0x4</size>
         <input_file_ref idref="fl-bc"/>
      </object_component>
      <object_component id="oc-328">
         <name>.text</name>
         <load_address>0x8240</load_address>
         <run_address>0x8240</run_address>
         <size>0x4</size>
         <input_file_ref idref="fl-fb"/>
      </object_component>
      <object_component id="oc-2b5">
         <name>.const:.string:_ctypes_</name>
         <load_address>0x8248</load_address>
         <run_address>0x8248</run_address>
         <size>0x101</size>
         <input_file_ref idref="fl-e7"/>
      </object_component>
      <object_component id="oc-2ed">
         <name>.const:.string:flit$1</name>
         <load_address>0x8349</load_address>
         <run_address>0x8349</run_address>
         <size>0x7</size>
         <input_file_ref idref="fl-f9"/>
      </object_component>
      <object_component id="oc-3f7">
         <name>.const:digits</name>
         <load_address>0x8350</load_address>
         <run_address>0x8350</run_address>
         <size>0x80</size>
         <input_file_ref idref="fl-101"/>
      </object_component>
      <object_component id="oc-156">
         <name>.const:$P$T0$1</name>
         <load_address>0x83d0</load_address>
         <run_address>0x83d0</run_address>
         <size>0x68</size>
         <input_file_ref idref="fl-2"/>
      </object_component>
      <object_component id="oc-15c">
         <name>.const:$P$T1$2</name>
         <load_address>0x8438</load_address>
         <run_address>0x8438</run_address>
         <size>0x68</size>
         <input_file_ref idref="fl-2"/>
      </object_component>
      <object_component id="oc-15f">
         <name>.const:$P$T2$3</name>
         <load_address>0x84a0</load_address>
         <run_address>0x84a0</run_address>
         <size>0x68</size>
         <input_file_ref idref="fl-2"/>
      </object_component>
      <object_component id="oc-162">
         <name>.const:$P$T3$4</name>
         <load_address>0x8508</load_address>
         <run_address>0x8508</run_address>
         <size>0x68</size>
         <input_file_ref idref="fl-2"/>
      </object_component>
      <object_component id="oc-165">
         <name>.const:$P$T4$5</name>
         <load_address>0x8570</load_address>
         <run_address>0x8570</run_address>
         <size>0x68</size>
         <input_file_ref idref="fl-2"/>
      </object_component>
      <object_component id="oc-168">
         <name>.const:$P$T5$6</name>
         <load_address>0x85d8</load_address>
         <run_address>0x85d8</run_address>
         <size>0x68</size>
         <input_file_ref idref="fl-2"/>
      </object_component>
      <object_component id="oc-3fa">
         <name>.const:powerof10</name>
         <load_address>0x8640</load_address>
         <run_address>0x8640</run_address>
         <size>0x48</size>
         <input_file_ref idref="fl-101"/>
      </object_component>
      <object_component id="oc-2ee">
         <name>.const:.string:barr$2</name>
         <load_address>0x8688</load_address>
         <run_address>0x8688</run_address>
         <size>0x6</size>
         <input_file_ref idref="fl-f9"/>
      </object_component>
      <object_component id="oc-1ca">
         <name>.data</name>
         <load_address>0x8878</load_address>
         <run_address>0x8878</run_address>
         <size>0x4</size>
         <input_file_ref idref="fl-c3"/>
      </object_component>
      <object_component id="oc-f2">
         <name>.data:$O1$$</name>
         <load_address>0x8858</load_address>
         <run_address>0x8858</run_address>
         <size>0xc</size>
         <input_file_ref idref="fl-e2"/>
      </object_component>
      <object_component id="oc-f5">
         <name>.data:$O1$$</name>
         <load_address>0x8864</load_address>
         <run_address>0x8864</run_address>
         <size>0x8</size>
         <input_file_ref idref="fl-e3"/>
      </object_component>
      <object_component id="oc-159">
         <name>.data:_ftable</name>
         <load_address>0x8690</load_address>
         <run_address>0x8690</run_address>
         <size>0xf0</size>
         <input_file_ref idref="fl-e8"/>
      </object_component>
      <object_component id="oc-1cb">
         <name>.data</name>
         <load_address>0x8848</load_address>
         <run_address>0x8848</run_address>
         <size>0x10</size>
         <input_file_ref idref="fl-e8"/>
      </object_component>
      <object_component id="oc-4d1">
         <name>.data:$O1$$</name>
         <load_address>0x886c</load_address>
         <run_address>0x886c</run_address>
         <size>0x8</size>
         <input_file_ref idref="fl-eb"/>
      </object_component>
      <object_component id="oc-35b">
         <name>.data:_device</name>
         <load_address>0x8780</load_address>
         <run_address>0x8780</run_address>
         <size>0x78</size>
         <input_file_ref idref="fl-f0"/>
      </object_component>
      <object_component id="oc-323">
         <name>.data:_stream</name>
         <load_address>0x87f8</load_address>
         <run_address>0x87f8</run_address>
         <size>0x50</size>
         <input_file_ref idref="fl-f0"/>
      </object_component>
      <object_component id="oc-40e">
         <name>.data</name>
         <load_address>0x887c</load_address>
         <run_address>0x887c</run_address>
         <size>0x4</size>
         <input_file_ref idref="fl-f4"/>
      </object_component>
      <object_component id="oc-3d4">
         <name>.data</name>
         <load_address>0x8874</load_address>
         <run_address>0x8874</run_address>
         <size>0x4</size>
         <input_file_ref idref="fl-f7"/>
      </object_component>
      <object_component id="oc-50c">
         <name>.bss:_CIOBUF_</name>
         <uninitialized>true</uninitialized>
         <run_address>0x8880</run_address>
         <size>0x120</size>
         <input_file_ref idref="fl-10e"/>
      </object_component>
      <object_component id="oc-342">
         <name>.common:__TI_tmpnams</name>
         <uninitialized>true</uninitialized>
         <run_address>0x89a0</run_address>
         <size>0xa0</size>
      </object_component>
      <object_component id="oc-4e6">
         <name>.common:parmbuf</name>
         <uninitialized>true</uninitialized>
         <run_address>0x8a40</run_address>
         <size>0x8</size>
      </object_component>
      <object_component id="oc-553">
         <name>.cinit..data.load</name>
         <load_address>0x9a48</load_address>
         <run_address>0x9a48</run_address>
         <size>0x67</size>
      </object_component>
      <object_component id="oc-551">
         <name>__TI_handler_table</name>
         <load_address>0x9ab0</load_address>
         <run_address>0x9ab0</run_address>
         <size>0xc</size>
      </object_component>
      <object_component id="oc-554">
         <name>.cinit..bss.load</name>
         <load_address>0x9ac0</load_address>
         <run_address>0x9ac0</run_address>
         <size>0x8</size>
      </object_component>
      <object_component id="oc-552">
         <name>__TI_cinit_table</name>
         <load_address>0x9ac8</load_address>
         <run_address>0x9ac8</run_address>
         <size>0x10</size>
      </object_component>
      <object_component id="oc-176">
         <name>.debug_info</name>
         <load_address>0x0</load_address>
         <run_address>0x0</run_address>
         <size>0x40e</size>
         <input_file_ref idref="fl-2"/>
      </object_component>
      <object_component id="oc-157">
         <name>.debug_info</name>
         <load_address>0x40e</load_address>
         <run_address>0x40e</run_address>
         <size>0xd1</size>
         <input_file_ref idref="fl-2"/>
      </object_component>
      <object_component id="oc-15d">
         <name>.debug_info</name>
         <load_address>0x4df</load_address>
         <run_address>0x4df</run_address>
         <size>0xd1</size>
         <input_file_ref idref="fl-2"/>
      </object_component>
      <object_component id="oc-160">
         <name>.debug_info</name>
         <load_address>0x5b0</load_address>
         <run_address>0x5b0</run_address>
         <size>0xd1</size>
         <input_file_ref idref="fl-2"/>
      </object_component>
      <object_component id="oc-163">
         <name>.debug_info</name>
         <load_address>0x681</load_address>
         <run_address>0x681</run_address>
         <size>0xd1</size>
         <input_file_ref idref="fl-2"/>
      </object_component>
      <object_component id="oc-166">
         <name>.debug_info</name>
         <load_address>0x752</load_address>
         <run_address>0x752</run_address>
         <size>0xd1</size>
         <input_file_ref idref="fl-2"/>
      </object_component>
      <object_component id="oc-169">
         <name>.debug_info</name>
         <load_address>0x823</load_address>
         <run_address>0x823</run_address>
         <size>0xd1</size>
         <input_file_ref idref="fl-2"/>
      </object_component>
      <object_component id="oc-e7">
         <name>.debug_info</name>
         <load_address>0x8f4</load_address>
         <run_address>0x8f4</run_address>
         <size>0x937</size>
         <input_file_ref idref="fl-2"/>
      </object_component>
      <object_component id="oc-171">
         <name>.debug_info</name>
         <load_address>0x122b</load_address>
         <run_address>0x122b</run_address>
         <size>0x72</size>
         <input_file_ref idref="fl-2"/>
      </object_component>
      <object_component id="oc-246">
         <name>.debug_info</name>
         <load_address>0x129d</load_address>
         <run_address>0x129d</run_address>
         <size>0x26b</size>
         <input_file_ref idref="fl-2"/>
      </object_component>
      <object_component id="oc-22">
         <name>.debug_info</name>
         <load_address>0x1508</load_address>
         <run_address>0x1508</run_address>
         <size>0x84</size>
         <input_file_ref idref="fl-2"/>
      </object_component>
      <object_component id="oc-16c">
         <name>.debug_info</name>
         <load_address>0x158c</load_address>
         <run_address>0x158c</run_address>
         <size>0x2a4</size>
         <input_file_ref idref="fl-2"/>
      </object_component>
      <object_component id="oc-24b">
         <name>.debug_info</name>
         <load_address>0x1830</load_address>
         <run_address>0x1830</run_address>
         <size>0xcc</size>
         <input_file_ref idref="fl-2"/>
      </object_component>
      <object_component id="oc-1a5">
         <name>.debug_info</name>
         <load_address>0x18fc</load_address>
         <run_address>0x18fc</run_address>
         <size>0x2c</size>
         <input_file_ref idref="fl-2"/>
      </object_component>
      <object_component id="oc-a7">
         <name>.debug_info</name>
         <load_address>0x1928</load_address>
         <run_address>0x1928</run_address>
         <size>0xfc</size>
         <input_file_ref idref="fl-3"/>
      </object_component>
      <object_component id="oc-1a4">
         <name>.debug_info</name>
         <load_address>0x1a24</load_address>
         <run_address>0x1a24</run_address>
         <size>0x285</size>
         <input_file_ref idref="fl-bc"/>
      </object_component>
      <object_component id="oc-19f">
         <name>.debug_info</name>
         <load_address>0x1ca9</load_address>
         <run_address>0x1ca9</run_address>
         <size>0x125</size>
         <input_file_ref idref="fl-bc"/>
      </object_component>
      <object_component id="oc-19a">
         <name>.debug_info</name>
         <load_address>0x1dce</load_address>
         <run_address>0x1dce</run_address>
         <size>0x134</size>
         <input_file_ref idref="fl-bc"/>
      </object_component>
      <object_component id="oc-110">
         <name>.debug_info</name>
         <load_address>0x1f02</load_address>
         <run_address>0x1f02</run_address>
         <size>0x17a</size>
         <input_file_ref idref="fl-bc"/>
      </object_component>
      <object_component id="oc-2b0">
         <name>.debug_info</name>
         <load_address>0x207c</load_address>
         <run_address>0x207c</run_address>
         <size>0xb2</size>
         <input_file_ref idref="fl-bc"/>
      </object_component>
      <object_component id="oc-201">
         <name>.debug_info</name>
         <load_address>0x212e</load_address>
         <run_address>0x212e</run_address>
         <size>0x268</size>
         <input_file_ref idref="fl-bd"/>
      </object_component>
      <object_component id="oc-1fe">
         <name>.debug_info</name>
         <load_address>0x2396</load_address>
         <run_address>0x2396</run_address>
         <size>0x128</size>
         <input_file_ref idref="fl-bd"/>
      </object_component>
      <object_component id="oc-1f6">
         <name>.debug_info</name>
         <load_address>0x24be</load_address>
         <run_address>0x24be</run_address>
         <size>0x137</size>
         <input_file_ref idref="fl-bd"/>
      </object_component>
      <object_component id="oc-128">
         <name>.debug_info</name>
         <load_address>0x25f5</load_address>
         <run_address>0x25f5</run_address>
         <size>0x19d</size>
         <input_file_ref idref="fl-bd"/>
      </object_component>
      <object_component id="oc-295">
         <name>.debug_info</name>
         <load_address>0x2792</load_address>
         <run_address>0x2792</run_address>
         <size>0x42b</size>
         <input_file_ref idref="fl-be"/>
      </object_component>
      <object_component id="oc-260">
         <name>.debug_info</name>
         <load_address>0x2bbd</load_address>
         <run_address>0x2bbd</run_address>
         <size>0x1f8</size>
         <input_file_ref idref="fl-be"/>
      </object_component>
      <object_component id="oc-3a3">
         <name>.debug_info</name>
         <load_address>0x2db5</load_address>
         <run_address>0x2db5</run_address>
         <size>0x181</size>
         <input_file_ref idref="fl-be"/>
      </object_component>
      <object_component id="oc-3a9">
         <name>.debug_info</name>
         <load_address>0x2f36</load_address>
         <run_address>0x2f36</run_address>
         <size>0x1e3</size>
         <input_file_ref idref="fl-be"/>
      </object_component>
      <object_component id="oc-266">
         <name>.debug_info</name>
         <load_address>0x3119</load_address>
         <run_address>0x3119</run_address>
         <size>0x388</size>
         <input_file_ref idref="fl-be"/>
      </object_component>
      <object_component id="oc-3b0">
         <name>.debug_info</name>
         <load_address>0x34a1</load_address>
         <run_address>0x34a1</run_address>
         <size>0x2d5</size>
         <input_file_ref idref="fl-be"/>
      </object_component>
      <object_component id="oc-3b6">
         <name>.debug_info</name>
         <load_address>0x3776</load_address>
         <run_address>0x3776</run_address>
         <size>0x1e3</size>
         <input_file_ref idref="fl-be"/>
      </object_component>
      <object_component id="oc-26c">
         <name>.debug_info</name>
         <load_address>0x3959</load_address>
         <run_address>0x3959</run_address>
         <size>0x1f6</size>
         <input_file_ref idref="fl-be"/>
      </object_component>
      <object_component id="oc-272">
         <name>.debug_info</name>
         <load_address>0x3b4f</load_address>
         <run_address>0x3b4f</run_address>
         <size>0x2d1</size>
         <input_file_ref idref="fl-be"/>
      </object_component>
      <object_component id="oc-278">
         <name>.debug_info</name>
         <load_address>0x3e20</load_address>
         <run_address>0x3e20</run_address>
         <size>0x482</size>
         <input_file_ref idref="fl-be"/>
      </object_component>
      <object_component id="oc-192">
         <name>.debug_info</name>
         <load_address>0x42a2</load_address>
         <run_address>0x42a2</run_address>
         <size>0x5cd</size>
         <input_file_ref idref="fl-be"/>
      </object_component>
      <object_component id="oc-296">
         <name>.debug_info</name>
         <load_address>0x486f</load_address>
         <run_address>0x486f</run_address>
         <size>0x86</size>
         <input_file_ref idref="fl-be"/>
      </object_component>
      <object_component id="oc-3db">
         <name>.debug_info</name>
         <load_address>0x48f5</load_address>
         <run_address>0x48f5</run_address>
         <size>0x39</size>
         <input_file_ref idref="fl-be"/>
      </object_component>
      <object_component id="oc-4a1">
         <name>.debug_info</name>
         <load_address>0x492e</load_address>
         <run_address>0x492e</run_address>
         <size>0xb6</size>
         <input_file_ref idref="fl-be"/>
      </object_component>
      <object_component id="oc-3e5">
         <name>.debug_info</name>
         <load_address>0x49e4</load_address>
         <run_address>0x49e4</run_address>
         <size>0x46</size>
         <input_file_ref idref="fl-be"/>
      </object_component>
      <object_component id="oc-29b">
         <name>.debug_info</name>
         <load_address>0x4a2a</load_address>
         <run_address>0x4a2a</run_address>
         <size>0x46</size>
         <input_file_ref idref="fl-be"/>
      </object_component>
      <object_component id="oc-3e0">
         <name>.debug_info</name>
         <load_address>0x4a70</load_address>
         <run_address>0x4a70</run_address>
         <size>0x2c</size>
         <input_file_ref idref="fl-be"/>
      </object_component>
      <object_component id="oc-1c3">
         <name>.debug_info</name>
         <load_address>0x4a9c</load_address>
         <run_address>0x4a9c</run_address>
         <size>0x2f2</size>
         <input_file_ref idref="fl-bf"/>
      </object_component>
      <object_component id="oc-1bf">
         <name>.debug_info</name>
         <load_address>0x4d8e</load_address>
         <run_address>0x4d8e</run_address>
         <size>0x1ea</size>
         <input_file_ref idref="fl-bf"/>
      </object_component>
      <object_component id="oc-1b3">
         <name>.debug_info</name>
         <load_address>0x4f78</load_address>
         <run_address>0x4f78</run_address>
         <size>0x12f</size>
         <input_file_ref idref="fl-bf"/>
      </object_component>
      <object_component id="oc-1b7">
         <name>.debug_info</name>
         <load_address>0x50a7</load_address>
         <run_address>0x50a7</run_address>
         <size>0x15e</size>
         <input_file_ref idref="fl-bf"/>
      </object_component>
      <object_component id="oc-116">
         <name>.debug_info</name>
         <load_address>0x5205</load_address>
         <run_address>0x5205</run_address>
         <size>0x163</size>
         <input_file_ref idref="fl-bf"/>
      </object_component>
      <object_component id="oc-20b">
         <name>.debug_info</name>
         <load_address>0x5368</load_address>
         <run_address>0x5368</run_address>
         <size>0x245</size>
         <input_file_ref idref="fl-c0"/>
      </object_component>
      <object_component id="oc-208">
         <name>.debug_info</name>
         <load_address>0x55ad</load_address>
         <run_address>0x55ad</run_address>
         <size>0x1bb</size>
         <input_file_ref idref="fl-c0"/>
      </object_component>
      <object_component id="oc-135">
         <name>.debug_info</name>
         <load_address>0x5768</load_address>
         <run_address>0x5768</run_address>
         <size>0x16b</size>
         <input_file_ref idref="fl-c0"/>
      </object_component>
      <object_component id="oc-203">
         <name>.debug_info</name>
         <load_address>0x58d3</load_address>
         <run_address>0x58d3</run_address>
         <size>0x1e7</size>
         <input_file_ref idref="fl-c1"/>
      </object_component>
      <object_component id="oc-1de">
         <name>.debug_info</name>
         <load_address>0x5aba</load_address>
         <run_address>0x5aba</run_address>
         <size>0x152</size>
         <input_file_ref idref="fl-c1"/>
      </object_component>
      <object_component id="oc-12e">
         <name>.debug_info</name>
         <load_address>0x5c0c</load_address>
         <run_address>0x5c0c</run_address>
         <size>0x19d</size>
         <input_file_ref idref="fl-c1"/>
      </object_component>
      <object_component id="oc-40b">
         <name>.debug_info</name>
         <load_address>0x5da9</load_address>
         <run_address>0x5da9</run_address>
         <size>0x215</size>
         <input_file_ref idref="fl-c2"/>
      </object_component>
      <object_component id="oc-2f9">
         <name>.debug_info</name>
         <load_address>0x5fbe</load_address>
         <run_address>0x5fbe</run_address>
         <size>0x19f</size>
         <input_file_ref idref="fl-c2"/>
      </object_component>
      <object_component id="oc-1cf">
         <name>.debug_info</name>
         <load_address>0x615d</load_address>
         <run_address>0x615d</run_address>
         <size>0x295</size>
         <input_file_ref idref="fl-c3"/>
      </object_component>
      <object_component id="oc-1c5">
         <name>.debug_info</name>
         <load_address>0x63f2</load_address>
         <run_address>0x63f2</run_address>
         <size>0x1c1</size>
         <input_file_ref idref="fl-c3"/>
      </object_component>
      <object_component id="oc-30e">
         <name>.debug_info</name>
         <load_address>0x65b3</load_address>
         <run_address>0x65b3</run_address>
         <size>0x144</size>
         <input_file_ref idref="fl-c3"/>
      </object_component>
      <object_component id="oc-11b">
         <name>.debug_info</name>
         <load_address>0x66f7</load_address>
         <run_address>0x66f7</run_address>
         <size>0x19b</size>
         <input_file_ref idref="fl-c3"/>
      </object_component>
      <object_component id="oc-bb">
         <name>.debug_info</name>
         <load_address>0x6892</load_address>
         <run_address>0x6892</run_address>
         <size>0x2c</size>
         <input_file_ref idref="fl-c3"/>
      </object_component>
      <object_component id="oc-3ed">
         <name>.debug_info</name>
         <load_address>0x68be</load_address>
         <run_address>0x68be</run_address>
         <size>0x223</size>
         <input_file_ref idref="fl-c4"/>
      </object_component>
      <object_component id="oc-2aa">
         <name>.debug_info</name>
         <load_address>0x6ae1</load_address>
         <run_address>0x6ae1</run_address>
         <size>0x1b3</size>
         <input_file_ref idref="fl-c4"/>
      </object_component>
      <object_component id="oc-3eb">
         <name>.debug_info</name>
         <load_address>0x6c94</load_address>
         <run_address>0x6c94</run_address>
         <size>0x29c</size>
         <input_file_ref idref="fl-c5"/>
      </object_component>
      <object_component id="oc-2a1">
         <name>.debug_info</name>
         <load_address>0x6f30</load_address>
         <run_address>0x6f30</run_address>
         <size>0x2b1</size>
         <input_file_ref idref="fl-c5"/>
      </object_component>
      <object_component id="oc-cc">
         <name>.debug_info</name>
         <load_address>0x71e1</load_address>
         <run_address>0x71e1</run_address>
         <size>0x2c</size>
         <input_file_ref idref="fl-c5"/>
      </object_component>
      <object_component id="oc-21f">
         <name>.debug_info</name>
         <load_address>0x720d</load_address>
         <run_address>0x720d</run_address>
         <size>0x207</size>
         <input_file_ref idref="fl-c6"/>
      </object_component>
      <object_component id="oc-13c">
         <name>.debug_info</name>
         <load_address>0x7414</load_address>
         <run_address>0x7414</run_address>
         <size>0x282</size>
         <input_file_ref idref="fl-c6"/>
      </object_component>
      <object_component id="oc-233">
         <name>.debug_info</name>
         <load_address>0x7696</load_address>
         <run_address>0x7696</run_address>
         <size>0x1c4</size>
         <input_file_ref idref="fl-c7"/>
      </object_component>
      <object_component id="oc-151">
         <name>.debug_info</name>
         <load_address>0x785a</load_address>
         <run_address>0x785a</run_address>
         <size>0x1b4</size>
         <input_file_ref idref="fl-c7"/>
      </object_component>
      <object_component id="oc-367">
         <name>.debug_info</name>
         <load_address>0x7a0e</load_address>
         <run_address>0x7a0e</run_address>
         <size>0x2c</size>
         <input_file_ref idref="fl-c7"/>
      </object_component>
      <object_component id="oc-1f3">
         <name>.debug_info</name>
         <load_address>0x7a3a</load_address>
         <run_address>0x7a3a</run_address>
         <size>0x248</size>
         <input_file_ref idref="fl-c8"/>
      </object_component>
      <object_component id="oc-121">
         <name>.debug_info</name>
         <load_address>0x7c82</load_address>
         <run_address>0x7c82</run_address>
         <size>0x32c</size>
         <input_file_ref idref="fl-c8"/>
      </object_component>
      <object_component id="oc-1ee">
         <name>.debug_info</name>
         <load_address>0x7fae</load_address>
         <run_address>0x7fae</run_address>
         <size>0xbf</size>
         <input_file_ref idref="fl-c8"/>
      </object_component>
      <object_component id="oc-348">
         <name>.debug_info</name>
         <load_address>0x806d</load_address>
         <run_address>0x806d</run_address>
         <size>0x210</size>
         <input_file_ref idref="fl-c9"/>
      </object_component>
      <object_component id="oc-214">
         <name>.debug_info</name>
         <load_address>0x827d</load_address>
         <run_address>0x827d</run_address>
         <size>0x1b0</size>
         <input_file_ref idref="fl-c9"/>
      </object_component>
      <object_component id="oc-31f">
         <name>.debug_info</name>
         <load_address>0x842d</load_address>
         <run_address>0x842d</run_address>
         <size>0x1a0</size>
         <input_file_ref idref="fl-ca"/>
      </object_component>
      <object_component id="oc-1d1">
         <name>.debug_info</name>
         <load_address>0x85cd</load_address>
         <run_address>0x85cd</run_address>
         <size>0x164</size>
         <input_file_ref idref="fl-ca"/>
      </object_component>
      <object_component id="oc-20e">
         <name>.debug_info</name>
         <load_address>0x8731</load_address>
         <run_address>0x8731</run_address>
         <size>0x156</size>
         <input_file_ref idref="fl-ca"/>
      </object_component>
      <object_component id="oc-419">
         <name>.debug_info</name>
         <load_address>0x8887</load_address>
         <run_address>0x8887</run_address>
         <size>0x214</size>
         <input_file_ref idref="fl-cb"/>
      </object_component>
      <object_component id="oc-31b">
         <name>.debug_info</name>
         <load_address>0x8a9b</load_address>
         <run_address>0x8a9b</run_address>
         <size>0x1da</size>
         <input_file_ref idref="fl-cb"/>
      </object_component>
      <object_component id="oc-40d">
         <name>.debug_info</name>
         <load_address>0x8c75</load_address>
         <run_address>0x8c75</run_address>
         <size>0x1b0</size>
         <input_file_ref idref="fl-cc"/>
      </object_component>
      <object_component id="oc-300">
         <name>.debug_info</name>
         <load_address>0x8e25</load_address>
         <run_address>0x8e25</run_address>
         <size>0x185</size>
         <input_file_ref idref="fl-cc"/>
      </object_component>
      <object_component id="oc-3d3">
         <name>.debug_info</name>
         <load_address>0x8faa</load_address>
         <run_address>0x8faa</run_address>
         <size>0x12f</size>
         <input_file_ref idref="fl-cd"/>
      </object_component>
      <object_component id="oc-28a">
         <name>.debug_info</name>
         <load_address>0x90d9</load_address>
         <run_address>0x90d9</run_address>
         <size>0x128</size>
         <input_file_ref idref="fl-cd"/>
      </object_component>
      <object_component id="oc-496">
         <name>.debug_info</name>
         <load_address>0x9201</load_address>
         <run_address>0x9201</run_address>
         <size>0x46</size>
         <input_file_ref idref="fl-cd"/>
      </object_component>
      <object_component id="oc-3ce">
         <name>.debug_info</name>
         <load_address>0x9247</load_address>
         <run_address>0x9247</run_address>
         <size>0x39</size>
         <input_file_ref idref="fl-cd"/>
      </object_component>
      <object_component id="oc-486">
         <name>.debug_info</name>
         <load_address>0x9280</load_address>
         <run_address>0x9280</run_address>
         <size>0x130</size>
         <input_file_ref idref="fl-ce"/>
      </object_component>
      <object_component id="oc-3be">
         <name>.debug_info</name>
         <load_address>0x93b0</load_address>
         <run_address>0x93b0</run_address>
         <size>0x162</size>
         <input_file_ref idref="fl-ce"/>
      </object_component>
      <object_component id="oc-4fb">
         <name>.debug_info</name>
         <load_address>0x9512</load_address>
         <run_address>0x9512</run_address>
         <size>0x39</size>
         <input_file_ref idref="fl-ce"/>
      </object_component>
      <object_component id="oc-487">
         <name>.debug_info</name>
         <load_address>0x954b</load_address>
         <run_address>0x954b</run_address>
         <size>0x2c</size>
         <input_file_ref idref="fl-ce"/>
      </object_component>
      <object_component id="oc-493">
         <name>.debug_info</name>
         <load_address>0x9577</load_address>
         <run_address>0x9577</run_address>
         <size>0x193</size>
         <input_file_ref idref="fl-cf"/>
      </object_component>
      <object_component id="oc-3c4">
         <name>.debug_info</name>
         <load_address>0x970a</load_address>
         <run_address>0x970a</run_address>
         <size>0x1b7</size>
         <input_file_ref idref="fl-cf"/>
      </object_component>
      <object_component id="oc-16">
         <name>.debug_info</name>
         <load_address>0x98c1</load_address>
         <run_address>0x98c1</run_address>
         <size>0x143</size>
         <input_file_ref idref="fl-d0"/>
      </object_component>
      <object_component id="oc-379">
         <name>.debug_info</name>
         <load_address>0x9a04</load_address>
         <run_address>0x9a04</run_address>
         <size>0x158</size>
         <input_file_ref idref="fl-d1"/>
      </object_component>
      <object_component id="oc-39e">
         <name>.debug_info</name>
         <load_address>0x9b5c</load_address>
         <run_address>0x9b5c</run_address>
         <size>0x131</size>
         <input_file_ref idref="fl-d2"/>
      </object_component>
      <object_component id="oc-27f">
         <name>.debug_info</name>
         <load_address>0x9c8d</load_address>
[...]
      <symbol id="sm-310">
         <name>__TI_doflush</name>
         <value>0x75b8</value>
         <object_component_ref idref="oc-1dc"/>
      </symbol>
      <symbol id="sm-311">
         <name>fflush</name>
         <value>0x68f8</value>
         <object_component_ref idref="oc-12c"/>
      </symbol>
      <symbol id="sm-325">
         <name>getc</name>
         <value>0x6678</value>
         <object_component_ref idref="oc-2f6"/>
      </symbol>
      <symbol id="sm-326">
         <name>fgetc</name>
         <value>0x6678</value>
         <object_component_ref idref="oc-2f6"/>
      </symbol>
      <symbol id="sm-36f">
         <name>__TI_cleanup</name>
         <value>0x7d1c</value>
         <object_component_ref idref="oc-30d"/>
      </symbol>
      <symbol id="sm-370">
         <name>fopen</name>
         <value>0x61cc</value>
         <object_component_ref idref="oc-11a"/>
      </symbol>
      <symbol id="sm-387">
         <name>putc</name>
         <value>0x5d80</value>
         <object_component_ref idref="oc-2a7"/>
      </symbol>
      <symbol id="sm-388">
         <name>fputc</name>
         <value>0x5d80</value>
         <object_component_ref idref="oc-2a7"/>
      </symbol>
      <symbol id="sm-3ab">
         <name>fputs</name>
         <value>0x4784</value>
         <object_component_ref idref="oc-2a0"/>
      </symbol>
      <symbol id="sm-3c8">
         <name>fread</name>
         <value>0x501c</value>
         <object_component_ref idref="oc-138"/>
      </symbol>
      <symbol id="sm-3e0">
         <name>fseek</name>
         <value>0x6b44</value>
         <object_component_ref idref="oc-150"/>
      </symbol>
      <symbol id="sm-40a">
         <name>fwrite</name>
         <value>0x3e98</value>
         <object_component_ref idref="oc-120"/>
      </symbol>
      <symbol id="sm-423">
         <name>__TI_buff_read</name>
         <value>0x60c8</value>
         <object_component_ref idref="oc-212"/>
      </symbol>
      <symbol id="sm-443">
         <name>__TI_wrt_ok</name>
         <value>0x7164</value>
         <object_component_ref idref="oc-1d0"/>
      </symbol>
      <symbol id="sm-444">
         <name>__TI_rd_ok</name>
         <value>0x79e4</value>
         <object_component_ref idref="oc-20c"/>
      </symbol>
      <symbol id="sm-460">
         <name>setvbuf</name>
         <value>0x582c</value>
         <object_component_ref idref="oc-318"/>
      </symbol>
      <symbol id="sm-473">
         <name>ungetc</name>
         <value>0x6758</value>
         <object_component_ref idref="oc-2fd"/>
      </symbol>
      <symbol id="sm-48c">
         <name>wcslen</name>
         <value>0x8138</value>
         <object_component_ref idref="oc-288"/>
      </symbol>
      <symbol id="sm-4aa">
         <name>frexpl</name>
         <value>0x78e0</value>
         <object_component_ref idref="oc-3bd"/>
      </symbol>
      <symbol id="sm-4ab">
         <name>frexp</name>
         <value>0x78e0</value>
         <object_component_ref idref="oc-3bd"/>
      </symbol>
      <symbol id="sm-4cc">
         <name>scalbn</name>
         <value>0x5b00</value>
         <object_component_ref idref="oc-3c3"/>
      </symbol>
      <symbol id="sm-4cd">
         <name>scalbnl</name>
         <value>0x5b00</value>
         <object_component_ref idref="oc-3c3"/>
      </symbol>
      <symbol id="sm-4ce">
         <name>ldexpl</name>
         <value>0x5b00</value>
         <object_component_ref idref="oc-3c3"/>
      </symbol>
      <symbol id="sm-4cf">
         <name>ldexp</name>
         <value>0x5b00</value>
         <object_component_ref idref="oc-3c3"/>
      </symbol>
      <symbol id="sm-4dd">
         <name>_c_int00</name>
         <value>0x7f90</value>
         <object_component_ref idref="oc-13"/>
      </symbol>
      <symbol id="sm-4de">
         <name>__stack</name>
         <value>0x8a48</value>
         <object_component_ref idref="oc-18"/>
      </symbol>
      <symbol id="sm-4fa">
         <name>__aeabi_uldivmod</name>
         <value>0x3928</value>
         <object_component_ref idref="oc-378"/>
      </symbol>
      <symbol id="sm-511">
         <name>__aeabi_dsub</name>
         <value>0x4358</value>
         <object_component_ref idref="oc-39d"/>
      </symbol>
      <symbol id="sm-512">
         <name>__aeabi_dadd</name>
         <value>0x4364</value>
         <object_component_ref idref="oc-39d"/>
      </symbol>
      <symbol id="sm-534">
         <name>__aeabi_cdcmpeq</name>
         <value>0x64b0</value>
         <object_component_ref idref="oc-27d"/>
      </symbol>
      <symbol id="sm-535">
         <name>__aeabi_cdcmple</name>
         <value>0x64b0</value>
         <object_component_ref idref="oc-27d"/>
      </symbol>
      <symbol id="sm-536">
         <name>__aeabi_cdrcmple</name>
         <value>0x6594</value>
         <object_component_ref idref="oc-388"/>
      </symbol>
      <symbol id="sm-54a">
         <name>__aeabi_ddiv</name>
         <value>0x51c0</value>
         <object_component_ref idref="oc-383"/>
      </symbol>
      <symbol id="sm-555">
         <name>__aeabi_dmul</name>
         <value>0x5c44</value>
         <object_component_ref idref="oc-37e"/>
      </symbol>
      <symbol id="sm-55f">
         <name>__aeabi_d2iz</name>
         <value>0x7b38</value>
         <object_component_ref idref="oc-38d"/>
      </symbol>
      <symbol id="sm-569">
         <name>__aeabi_i2d</name>
         <value>0x7fcc</value>
         <object_component_ref idref="oc-398"/>
      </symbol>
      <symbol id="sm-582">
         <name>memcpy</name>
         <value>0x5364</value>
         <object_component_ref idref="oc-27"/>
      </symbol>
      <symbol id="sm-583">
         <name>__aeabi_memcpy</name>
         <value>0x5364</value>
         <object_component_ref idref="oc-27"/>
      </symbol>
      <symbol id="sm-584">
         <name>__aeabi_memcpy8</name>
         <value>0x5364</value>
         <object_component_ref idref="oc-27"/>
      </symbol>
      <symbol id="sm-585">
         <name>__aeabi_memcpy4</name>
         <value>0x5364</value>
         <object_component_ref idref="oc-27"/>
      </symbol>
      <symbol id="sm-594">
         <name>__aeabi_memset</name>
         <value>0x6d64</value>
         <object_component_ref idref="oc-6d"/>
      </symbol>
      <symbol id="sm-595">
         <name>memset</name>
         <value>0x6d70</value>
         <object_component_ref idref="oc-6d"/>
      </symbol>
      <symbol id="sm-596">
         <name>__aeabi_memset8</name>
         <value>0x6d64</value>
         <object_component_ref idref="oc-6d"/>
      </symbol>
      <symbol id="sm-597">
         <name>__aeabi_memset4</name>
         <value>0x6d64</value>
         <object_component_ref idref="oc-6d"/>
      </symbol>
      <symbol id="sm-598">
         <name>__aeabi_memclr8</name>
         <value>0x6d60</value>
         <object_component_ref idref="oc-6d"/>
      </symbol>
      <symbol id="sm-599">
         <name>__aeabi_memclr4</name>
         <value>0x6d60</value>
         <object_component_ref idref="oc-6d"/>
      </symbol>
      <symbol id="sm-59a">
         <name>__aeabi_memclr</name>
         <value>0x6d60</value>
         <object_component_ref idref="oc-6d"/>
      </symbol>
      <symbol id="sm-5ac">
         <name>__aeabi_uidivmod</name>
         <value>0x63c0</value>
         <object_component_ref idref="oc-1e8"/>
      </symbol>
      <symbol id="sm-5ad">
         <name>__aeabi_uidiv</name>
         <value>0x63c0</value>
         <object_component_ref idref="oc-1e8"/>
      </symbol>
      <symbol id="sm-5b7">
         <name>__mpu_init</name>
         <value>0x8228</value>
         <object_component_ref idref="oc-3f"/>
      </symbol>
      <symbol id="sm-5df">
         <name>__TI_auto_init_nobinit_nopinit</name>
         <value>0x7ad0</value>
         <object_component_ref idref="oc-75"/>
      </symbol>
      <symbol id="sm-5e9">
         <name>_system_pre_init</name>
         <value>0x8218</value>
         <object_component_ref idref="oc-45"/>
      </symbol>
      <symbol id="sm-5fd">
         <name>__TI_zero_init_nomemset</name>
         <value>0x80c0</value>
         <object_component_ref idref="oc-33"/>
      </symbol>
      <symbol id="sm-614">
         <name>__TI_decompress_none</name>
         <value>0x81b4</value>
         <object_component_ref idref="oc-c"/>
      </symbol>
      <symbol id="sm-639">
         <name>__TI_decompress_lzss</name>
         <value>0x73e8</value>
         <object_component_ref idref="oc-6"/>
      </symbol>
      <symbol id="sm-65f">
         <name>C$$EXIT</name>
         <value>0x8220</value>
         <object_component_ref idref="oc-ad"/>
      </symbol>
      <symbol id="sm-660">
         <name>abort</name>
         <value>0x8220</value>
         <object_component_ref idref="oc-ad"/>
      </symbol>
      <symbol id="sm-661">
         <name>__TI_dtors_ptr</name>
         <value>0x885c</value>
         <object_component_ref idref="oc-f2"/>
      </symbol>
      <symbol id="sm-662">
         <name>__TI_cleanup_ptr</name>
         <value>0x8858</value>
         <object_component_ref idref="oc-f2"/>
      </symbol>
      <symbol id="sm-663">
         <name>__TI_enable_exit_profile_output</name>
         <value>0x8860</value>
         <object_component_ref idref="oc-f2"/>
      </symbol>
      <symbol id="sm-664">
         <name>exit</name>
         <value>0x7524</value>
         <object_component_ref idref="oc-b3"/>
      </symbol>
      <symbol id="sm-679">
         <name>_nop</name>
         <value>0x822c</value>
         <object_component_ref idref="oc-179"/>
      </symbol>
      <symbol id="sm-67a">
         <name>_lock</name>
         <value>0x8864</value>
         <object_component_ref idref="oc-f5"/>
      </symbol>
      <symbol id="sm-67b">
         <name>_unlock</name>
         <value>0x8868</value>
         <object_component_ref idref="oc-f5"/>
      </symbol>
      <symbol id="sm-689">
         <name>__TI_ltoa</name>
         <value>0x785c</value>
         <object_component_ref idref="oc-392"/>
      </symbol>
      <symbol id="sm-69d">
         <name>_args_main</name>
         <value>0x815c</value>
         <object_component_ref idref="oc-4c"/>
      </symbol>
      <symbol id="sm-6b2">
         <name>atoi</name>
         <value>0x76c8</value>
         <object_component_ref idref="oc-259"/>
      </symbol>
      <symbol id="sm-6bd">
         <name>_ctypes_</name>
         <value>0x8248</value>
         <object_component_ref idref="oc-2b5"/>
      </symbol>
      <symbol id="sm-6d2">
         <name>__TI_tmpnams</name>
         <value>0x89a0</value>
      </symbol>
      <symbol id="sm-6d3">
         <name>__aeabi_stdout</name>
         <value>0x8850</value>
         <object_component_ref idref="oc-1cb"/>
      </symbol>
      <symbol id="sm-6d4">
         <name>__aeabi_stderr</name>
         <value>0x8854</value>
         <object_component_ref idref="oc-1cb"/>
      </symbol>
      <symbol id="sm-6d5">
         <name>__aeabi_stdin</name>
         <value>0x884c</value>
         <object_component_ref idref="oc-1cb"/>
      </symbol>
      <symbol id="sm-6d6">
         <name>_ftable</name>
         <value>0x8690</value>
         <object_component_ref idref="oc-159"/>
      </symbol>
      <symbol id="sm-6d7">
         <name>__TI_ft_end</name>
         <value>0x8848</value>
         <object_component_ref idref="oc-1cb"/>
      </symbol>
      <symbol id="sm-6e6">
         <name>memccpy</name>
         <value>0x8038</value>
         <object_component_ref idref="oc-282"/>
      </symbol>
      <symbol id="sm-6f5">
         <name>memchr</name>
         <value>0x8068</value>
         <object_component_ref idref="oc-1d6"/>
      </symbol>
      <symbol id="sm-776">
         <name>_sys_memory</name>
         <value>0x9248</value>
         <object_component_ref idref="oc-19"/>
      </symbol>
      <symbol id="sm-777">
         <name>free</name>
         <value>0x569c</value>
         <object_component_ref idref="oc-336"/>
      </symbol>
      <symbol id="sm-778">
         <name>memalign</name>
         <value>0x4e78</value>
         <object_component_ref idref="oc-4c6"/>
      </symbol>
      <symbol id="sm-779">
         <name>malloc</name>
         <value>0x8204</value>
         <object_component_ref idref="oc-412"/>
      </symbol>
      <symbol id="sm-77a">
         <name>aligned_alloc</name>
         <value>0x4e78</value>
         <object_component_ref idref="oc-4c6"/>
      </symbol>
      <symbol id="sm-789">
         <name>strchr</name>
         <value>0x80e8</value>
         <object_component_ref idref="oc-2e7"/>
      </symbol>
      <symbol id="sm-797">
         <name>strcmp</name>
         <value>0x8110</value>
         <object_component_ref idref="oc-13e"/>
      </symbol>
      <symbol id="sm-7a5">
         <name>strlen</name>
         <value>0x8198</value>
         <object_component_ref idref="oc-253"/>
      </symbol>
      <symbol id="sm-7bb">
         <name>write</name>
         <value>0x7ebc</value>
         <object_component_ref idref="oc-1e2"/>
      </symbol>
      <symbol id="sm-7cc">
         <name>_stream</name>
         <value>0x87f8</value>
         <object_component_ref idref="oc-323"/>
      </symbol>
      <symbol id="sm-7cd">
         <name>_device</name>
         <value>0x8780</value>
         <object_component_ref idref="oc-35b"/>
      </symbol>
      <symbol id="sm-7e4">
         <name>rename</name>
         <value>0x7750</value>
         <object_component_ref idref="oc-14a"/>
      </symbol>
      <symbol id="sm-7f6">
         <name>read</name>
         <value>0x7e70</value>
         <object_component_ref idref="oc-218"/>
      </symbol>
      <symbol id="sm-817">
         <name>open</name>
         <value>0x59a4</value>
         <object_component_ref idref="oc-307"/>
      </symbol>
      <symbol id="sm-828">
         <name>lseek</name>
         <value>0x7e24</value>
         <object_component_ref idref="oc-22c"/>
      </symbol>
      <symbol id="sm-83d">
         <name>close</name>
         <value>0x6cb0</value>
         <object_component_ref idref="oc-33c"/>
      </symbol>
      <symbol id="sm-853">
         <name>__aeabi_errno_addr</name>
         <value>0x81f8</value>
         <object_component_ref idref="oc-28e"/>
      </symbol>
      <symbol id="sm-854">
         <name>errno</name>
         <value>0x8874</value>
         <object_component_ref idref="oc-3d4"/>
      </symbol>
      <symbol id="sm-85e">
         <name>copysign</name>
         <value>0x81d8</value>
         <object_component_ref idref="oc-48c"/>
      </symbol>
      <symbol id="sm-85f">
         <name>copysignl</name>
         <value>0x81d8</value>
         <object_component_ref idref="oc-48c"/>
      </symbol>
      <symbol id="sm-902">
         <name>__TI_scanfi</name>
         <value>0x24</value>
         <object_component_ref idref="oc-1aa"/>
      </symbol>
      <symbol id="sm-920">
         <name>finddevice</name>
         <value>0x7dcc</value>
         <object_component_ref idref="oc-355"/>
      </symbol>
      <symbol id="sm-921">
         <name>getdevice</name>
         <value>0x7a60</value>
         <object_component_ref idref="oc-222"/>
      </symbol>
      <symbol id="sm-92b">
         <name>__aeabi_idiv0</name>
         <value>0x8240</value>
         <object_component_ref idref="oc-328"/>
      </symbol>
      <symbol id="sm-92c">
         <name>__aeabi_ldiv0</name>
         <value>0x8240</value>
         <object_component_ref idref="oc-328"/>
      </symbol>
      <symbol id="sm-938">
         <name>__aeabi_d2f</name>
         <value>0x7488</value>
         <object_component_ref idref="oc-2d0"/>
      </symbol>
      <symbol id="sm-94a">
         <name>__aeabi_idivmod</name>
         <value>0x5fb4</value>
         <object_component_ref idref="oc-478"/>
      </symbol>
      <symbol id="sm-94b">
         <name>__aeabi_idiv</name>
         <value>0x5fb4</value>
         <object_component_ref idref="oc-478"/>
      </symbol>
      <symbol id="sm-959">
         <name>strcpy</name>
         <value>0x817c</value>
         <object_component_ref idref="oc-2b8"/>
      </symbol>
      <symbol id="sm-968">
         <name>strncpy</name>
         <value>0x7f08</value>
         <object_component_ref idref="oc-34f"/>
      </symbol>
      <symbol id="sm-977">
         <name>strrchr</name>
         <value>0x8094</value>
         <object_component_ref idref="oc-2e1"/>
      </symbol>
      <symbol id="sm-9d4">
         <name>strtold</name>
         <value>0x2cac</value>
         <object_component_ref idref="oc-2ca"/>
      </symbol>
      <symbol id="sm-9d5">
         <name>strtod</name>
         <value>0x2cac</value>
         <object_component_ref idref="oc-2ca"/>
      </symbol>
      <symbol id="sm-9f8">
         <name>strtol</name>
         <value>0x458c</value>
         <object_component_ref idref="oc-2d5"/>
      </symbol>
      <symbol id="sm-a1e">
         <name>strtoll</name>
         <value>0x3650</value>
         <object_component_ref idref="oc-2db"/>
      </symbol>
      <symbol id="sm-a3e">
         <name>strtoul</name>
         <value>0x4954</value>
         <object_component_ref idref="oc-2be"/>
      </symbol>
      <symbol id="sm-a61">
         <name>strtoull</name>
         <value>0x4114</value>
         <object_component_ref idref="oc-2c4"/>
      </symbol>
      <symbol id="sm-a71">
         <name>unlink</name>
         <value>0x7cc0</value>
         <object_component_ref idref="oc-144"/>
      </symbol>
      <symbol id="sm-a82">
         <name>HOSTclose</name>
         <value>0x77d8</value>
         <object_component_ref idref="oc-445"/>
      </symbol>
      <symbol id="sm-a93">
         <name>HOSTlseek</name>
         <value>0x6a88</value>
         <object_component_ref idref="oc-457"/>
      </symbol>
      <symbol id="sm-aa5">
         <name>parmbuf</name>
         <value>0x8a40</value>
      </symbol>
      <symbol id="sm-aa6">
         <name>HOSTopen</name>
         <value>0x6f6c</value>
         <object_component_ref idref="oc-43f"/>
      </symbol>
      <symbol id="sm-ab7">
         <name>HOSTread</name>
         <value>0x7208</value>
         <object_component_ref idref="oc-44b"/>
      </symbol>
      <symbol id="sm-ac8">
         <name>HOSTrename</name>
         <value>0x6bfc</value>
         <object_component_ref idref="oc-463"/>
      </symbol>
      <symbol id="sm-ad9">
         <name>HOSTunlink</name>
         <value>0x7964</value>
         <object_component_ref idref="oc-45d"/>
      </symbol>
      <symbol id="sm-aea">
         <name>HOSTwrite</name>
         <value>0x72a8</value>
         <object_component_ref idref="oc-451"/>
      </symbol>
      <symbol id="sm-b0e">
         <name>__TI_readmsg</name>
         <value>0x7c64</value>
         <object_component_ref idref="oc-4e0"/>
      </symbol>
      <symbol id="sm-b0f">
         <name>C$$IO$$</name>
         <value>0x7dbc</value>
         <object_component_ref idref="oc-4da"/>
      </symbol>
      <symbol id="sm-b10">
         <name>__CIOBUF_</name>
         <value>0x8880</value>
         <object_component_ref idref="oc-50c"/>
      </symbol>
      <symbol id="sm-b11">
         <name>__TI_writemsg</name>
         <value>0x7d74</value>
         <object_component_ref idref="oc-4da"/>
      </symbol>
      <symbol id="sm-b12">
         <name>__TI_static_base__</name>
         <value>0x9a48</value>
      </symbol>
      <symbol id="sm-b15">
         <name>system</name>
         <value>0x0</value>
      </symbol>
      <symbol id="sm-b16">
         <name>getch</name>
         <value>0x0</value>
      </symbol>
      <symbol id="sm-b17">
         <name>_system_post_cinit</name>
         <value>0x0</value>
      </symbol>
      <symbol id="sm-b18">
         <name>remove</name>
         <value>0x7cc0</value>
      </symbol>
   </symbol_table>
   <title>Link errors: red sections failed placement</title>
</link_info>
